ðŸŒŸ This was machine generated.  Do not edit. ðŸŒŸ

Frame[0] 
Name: city_stats.csv
Dimensions: 2 Fields by 2 Rows
+-----------------+------------------+
| Name: City      | Name: Population |
| Labels:         | Labels:          |
| Type: []*string | Type: []*int64   |
+-----------------+------------------+
| Stockholm       | 1000000          |
| New York        | 13333300         |
+-----------------+------------------+


====== TEST DATA RESPONSE (arrow base64) ======
FRAME=QVJST1cxAAD/////gAEAABAAAAAAAAoADgAMAAsABAAKAAAAFAAAAAAAAAEDAAoADAAAAAgABAAKAAAACAAAAFwAAAACAAAAKAAAAAQAAAAE////CAAAAAwAAAAAAAAAAAAAAAUAAAByZWZJZAAAACT///8IAAAAGAAAAA4AAABjaXR5X3N0YXRzLmNzdgAABAAAAG5hbWUAAAAAAgAAAIwAAAAEAAAAjv///xQAAABAAAAASAAAAAAAAgFMAAAAAQAAAAQAAAB8////CAAAABQAAAAKAAAAUG9wdWxhdGlvbgAABAAAAG5hbWUAAAAAAAAAAAgADAAIAAcACAAAAAAAAAFAAAAACgAAAFBvcHVsYXRpb24AAAAAEgAYABQAEwASAAwAAAAIAAQAEgAAABQAAABEAAAASAAAAAAABQFEAAAAAQAAAAwAAAAIAAwACAAEAAgAAAAIAAAAEAAAAAQAAABDaXR5AAAAAAQAAABuYW1lAAAAAAAAAAAEAAQABAAAAAQAAABDaXR5AAAAAP/////IAAAAFAAAAAAAAAAMABYAFAATAAwABAAMAAAAOAAAAAAAAAAUAAAAAAAAAwMACgAYAAwACAAEAAoAAAAUAAAAaAAAAAIAAAAAAAAAAAAAAAUAAAAAAAAAAAAAAAAAAAAAAAAAAAAAAAAAAAAQAAAAAAAAABAAAAAAAAAAGAAAAAAAAAAoAAAAAAAAAAAAAAAAAAAAKAAAAAAAAAAQAAAAAAAAAAAAAAACAAAAAgAAAAAAAAAAAAAAAAAAAAIAAAAAAAAAAAAAAAAAAAAAAAAACQAAABEAAAAAAAAAU3RvY2tob2xtTmV3IFlvcmsAAAAAAAAAQEIPAAAAAAA0c8sAAAAAABAAAAAMABQAEgAMAAgABAAMAAAAEAAAACwAAAA8AAAAAAADAAEAAACQAQAAAAAAANAAAAAAAAAAOAAAAAAAAAAAAAAAAAAAAAAAAAAAAAoADAAAAAgABAAKAAAACAAAAFwAAAACAAAAKAAAAAQAAAAE////CAAAAAwAAAAAAAAAAAAAAAUAAAByZWZJZAAAACT///8IAAAAGAAAAA4AAABjaXR5X3N0YXRzLmNzdgAABAAAAG5hbWUAAAAAAgAAAIwAAAAEAAAAjv///xQAAABAAAAASAAAAAAAAgFMAAAAAQAAAAQAAAB8////CAAAABQAAAAKAAAAUG9wdWxhdGlvbgAABAAAAG5hbWUAAAAAAAAAAAgADAAIAAcACAAAAAAAAAFAAAAACgAAAFBvcHVsYXRpb24AAAAAEgAYABQAEwASAAwAAAAIAAQAEgAAABQAAABEAAAASAAAAAAABQFEAAAAAQAAAAwAAAAIAAwACAAEAAgAAAAIAAAAEAAAAAQAAABDaXR5AAAAAAQAAABuYW1lAAAAAAAAAAAEAAQABAAAAAQAAABDaXR5AAAAALABAABBUlJPVzE=
