ðŸŒŸ This was machine generated.  Do not edit. ðŸŒŸ

Frame[0] 
Name: population_by_state.csv
Dimensions: 4 Fields by 3 Rows
+-----------------+----------------+----------------+----------------+
| Name: State     | Name: 2020     | Name: 2000     | Name: 1980     |
| Labels:         | Labels:        | Labels:        | Labels:        |
| Type: []*string | Type: []*int64 | Type: []*int64 | Type: []*int64 |
+-----------------+----------------+----------------+----------------+
| California      | 39368078       | 33987977       | 23800800       |
| Texas           | 29360759       | 20944499       | 14338208       |
| Florida         | 21733312       | 16047515       | 9839835        |
+-----------------+----------------+----------------+----------------+


====== TEST DATA RESPONSE (arrow base64) ======
FRAME=QVJST1cxAAD/////SAIAABAAAAAAAAoADgAMAAsABAAKAAAAFAAAAAAAAAEDAAoADAAAAAgABAAKAAAACAAAAGQAAAACAAAAKAAAAAQAAABA/v//CAAAAAwAAAAAAAAAAAAAAAUAAAByZWZJZAAAAGD+//8IAAAAIAAAABcAAABwb3B1bGF0aW9uX2J5X3N0YXRlLmNzdgAEAAAAbmFtZQAAAAAEAAAASAEAAMwAAABoAAAABAAAANr+//8UAAAAPAAAADwAAAAAAAIBQAAAAAEAAAAEAAAAyP7//wgAAAAQAAAABAAAADE5ODAAAAAABAAAAG5hbWUAAAAAAAAAAED///8AAAABQAAAAAQAAAAxOTgwAAAAADr///8UAAAAPAAAADwAAAAAAAIBQAAAAAEAAAAEAAAAKP///wgAAAAQAAAABAAAADIwMDAAAAAABAAAAG5hbWUAAAAAAAAAAKD///8AAAABQAAAAAQAAAAyMDAwAAAAAJr///8UAAAAPAAAAEQAAAAAAAIBSAAAAAEAAAAEAAAAiP///wgAAAAQAAAABAAAADIwMjAAAAAABAAAAG5hbWUAAAAAAAAAAAgADAAIAAcACAAAAAAAAAFAAAAABAAAADIwMjAAABIAGAAUABMAEgAMAAAACAAEABIAAAAUAAAARAAAAEgAAAAAAAUBRAAAAAEAAAAMAAAACAAMAAgABAAIAAAACAAAABAAAAAFAAAAU3RhdGUAAAAEAAAAbmFtZQAAAAAAAAAABAAEAAQAAAAFAAAAU3RhdGUAAAAAAAAA/////ygBAAAUAAAAAAAAAAwAFgAUABMADAAEAAwAAABwAAAAAAAAABQAAAAAAAADAwAKABgADAAIAAQACgAAABQAAACoAAAAAwAAAAAAAAAAAAAACQAAAAAAAAAAAAAAAAAAAAAAAAAAAAAAAAAAABAAAAAAAAAAEAAAAAAAAAAYAAAAAAAAACgAAAAAAAAAAAAAAAAAAAAoAAAAAAAAABgAAAAAAAAAQAAAAAAAAAAAAAAAAAAAAEAAAAAAAAAAGAAAAAAAAABYAAAAAAAAAAAAAAAAAAAAWAAAAAAAAAAYAAAAAAAAAAAAAAAEAAAAAwAAAAAAAAAAAAAAAAAAAAMAAAAAAAAAAAAAAAAAAAADAAAAAAAAAAAAAAAAAAAAAwAAAAAAAAAAAAAAAAAAAAAAAAAKAAAADwAAABYAAABDYWxpZm9ybmlhVGV4YXNGbG9yaWRhAACOtVgCAAAAAHcCwAEAAAAAwJ9LAQAAAACJnQYCAAAAAHOWPwEAAAAAm930AAAAAADgK2sBAAAAAKDI2gAAAAAA2ySWAAAAAAAQAAAADAAUABIADAAIAAQADAAAABAAAAAsAAAAOAAAAAAAAwABAAAAWAIAAAAAAAAwAQAAAAAAAHAAAAAAAAAAAAAAAAAAAAAAAAoADAAAAAgABAAKAAAACAAAAGQAAAACAAAAKAAAAAQAAABA/v//CAAAAAwAAAAAAAAAAAAAAAUAAAByZWZJZAAAAGD+//8IAAAAIAAAABcAAABwb3B1bGF0aW9uX2J5X3N0YXRlLmNzdgAEAAAAbmFtZQAAAAAEAAAASAEAAMwAAABoAAAABAAAANr+//8UAAAAPAAAADwAAAAAAAIBQAAAAAEAAAAEAAAAyP7//wgAAAAQAAAABAAAADE5ODAAAAAABAAAAG5hbWUAAAAAAAAAAED///8AAAABQAAAAAQAAAAxOTgwAAAAADr///8UAAAAPAAAADwAAAAAAAIBQAAAAAEAAAAEAAAAKP///wgAAAAQAAAABAAAADIwMDAAAAAABAAAAG5hbWUAAAAAAAAAAKD///8AAAABQAAAAAQAAAAyMDAwAAAAAJr///8UAAAAPAAAAEQAAAAAAAIBSAAAAAEAAAAEAAAAiP///wgAAAAQAAAABAAAADIwMjAAAAAABAAAAG5hbWUAAAAAAAAAAAgADAAIAAcACAAAAAAAAAFAAAAABAAAADIwMjAAABIAGAAUABMAEgAMAAAACAAEABIAAAAUAAAARAAAAEgAAAAAAAUBRAAAAAEAAAAMAAAACAAMAAgABAAIAAAACAAAABAAAAAFAAAAU3RhdGUAAAAEAAAAbmFtZQAAAAAAAAAABAAEAAQAAAAFAAAAU3RhdGUAAABwAgAAQVJST1cx
