ðŸŒŸ This was machine generated.  Do not edit. ðŸŒŸ

Frame[0] 
Name: {level="error", location="moon"}
Dimensions: 2 Fields by 4 Rows
+-------------------------------+------------------------------------+
| Name: time                    | Name: value                        |
| Labels:                       | Labels: level=error, location=moon |
| Type: []time.Time             | Type: []float64                    |
+-------------------------------+------------------------------------+
| 2021-12-10 08:36:06 +0000 UTC | 0.4                                |
| 2021-12-10 08:36:46 +0000 UTC | 0.2                                |
| 2021-12-10 08:36:56 +0000 UTC | 0.2                                |
| 2021-12-10 08:37:46 +0000 UTC | 0.6                                |
+-------------------------------+------------------------------------+



Frame[1] 
Name: {level="info", location="mars"}
Dimensions: 2 Fields by 5 Rows
+-------------------------------+-----------------------------------+
| Name: time                    | Name: value                       |
| Labels:                       | Labels: level=info, location=mars |
| Type: []time.Time             | Type: []float64                   |
+-------------------------------+-----------------------------------+
| 2021-12-10 08:36:26 +0000 UTC | 0.6                               |
| 2021-12-10 08:36:36 +0000 UTC | 0.8                               |
| 2021-12-10 08:36:46 +0000 UTC | 0.8                               |
| 2021-12-10 08:36:56 +0000 UTC | 0.8                               |
| 2021-12-10 08:37:56 +0000 UTC | 2.6                               |
+-------------------------------+-----------------------------------+


====== TEST DATA RESPONSE (arrow base64) ======
FRAME=QVJST1cxAAD/////UAIAABAAAAAAAAoADgAMAAsABAAKAAAAFAAAAAAAAAEEAAoADAAAAAgABAAKAAAACAAAAHAAAAACAAAAKAAAAAQAAAA8/v//CAAAAAwAAAAAAAAAAAAAAAUAAAByZWZJZAAAAFz+//8IAAAALAAAACAAAAB7bGV2ZWw9ImVycm9yIiwgbG9jYXRpb249Im1vb24ifQAAAAAEAAAAbmFtZQAAAAACAAAAGAEAAAQAAAAC////FAAAAOAAAADgAAAAAAAAA+AAAAADAAAAcAAAACwAAAAEAAAA0P7//wgAAAAQAAAABQAAAHZhbHVlAAAABAAAAG5hbWUAAAAA9P7//wgAAAAsAAAAIwAAAHsibGV2ZWwiOiJlcnJvciIsImxvY2F0aW9uIjoibW9vbiJ9AAYAAABsYWJlbHMAADT///8IAAAASAAAADwAAAB7ImRpc3BsYXlOYW1lRnJvbURTIjoie2xldmVsPVwiZXJyb3JcIiwgbG9jYXRpb249XCJtb29uXCJ9In0AAAAABgAAAGNvbmZpZwAAAAAAAGb///8AAAIABQAAAHZhbHVlABIAGAAUAAAAEwAMAAAACAAEABIAAAAUAAAAaAAAAHAAAAAAAAAKcAAAAAIAAAA0AAAABAAAANz///8IAAAAEAAAAAQAAAB0aW1lAAAAAAQAAABuYW1lAAAAAAgADAAIAAQACAAAAAgAAAAMAAAAAgAAAHt9AAAGAAAAY29uZmlnAAAAAAAAAAAGAAgABgAGAAAAAAADAAQAAAB0aW1lAAAAAAAAAAD/////uAAAABQAAAAAAAAADAAWABQAEwAMAAQADAAAAEAAAAAAAAAAFAAAAAAAAAMEAAoAGAAMAAgABAAKAAAAFAAAAFgAAAAEAAAAAAAAAAAAAAAEAAAAAAAAAAAAAAAAAAAAAAAAAAAAAAAAAAAAIAAAAAAAAAAgAAAAAAAAAAAAAAAAAAAAIAAAAAAAAAAgAAAAAAAAAAAAAAACAAAABAAAAAAAAAAAAAAAAAAAAAQAAAAAAAAAAAAAAAAAAAAAHMP+1Ve/FgCs8k7fV78WAJD+ouFXvxYABDpH7Ve/FpqZmZmZmdk/mpmZmZmZyT+amZmZmZnJPzMzMzMzM+M/EAAAAAwAFAASAAwACAAEAAwAAAAQAAAALAAAADgAAAAAAAQAAQAAAGACAAAAAAAAwAAAAAAAAABAAAAAAAAAAAAAAAAAAAAAAAAKAAwAAAAIAAQACgAAAAgAAABwAAAAAgAAACgAAAAEAAAAPP7//wgAAAAMAAAAAAAAAAAAAAAFAAAAcmVmSWQAAABc/v//CAAAACwAAAAgAAAAe2xldmVsPSJlcnJvciIsIGxvY2F0aW9uPSJtb29uIn0AAAAABAAAAG5hbWUAAAAAAgAAABgBAAAEAAAAAv///xQAAADgAAAA4AAAAAAAAAPgAAAAAwAAAHAAAAAsAAAABAAAAND+//8IAAAAEAAAAAUAAAB2YWx1ZQAAAAQAAABuYW1lAAAAAPT+//8IAAAALAAAACMAAAB7ImxldmVsIjoiZXJyb3IiLCJsb2NhdGlvbiI6Im1vb24ifQAGAAAAbGFiZWxzAAA0////CAAAAEgAAAA8AAAAeyJkaXNwbGF5TmFtZUZyb21EUyI6IntsZXZlbD1cImVycm9yXCIsIGxvY2F0aW9uPVwibW9vblwifSJ9AAAAAAYAAABjb25maWcAAAAAAABm////AAACAAUAAAB2YWx1ZQASABgAFAAAABMADAAAAAgABAASAAAAFAAAAGgAAABwAAAAAAAACnAAAAACAAAANAAAAAQAAADc////CAAAABAAAAAEAAAAdGltZQAAAAAEAAAAbmFtZQAAAAAIAAwACAAEAAgAAAAIAAAADAAAAAIAAAB7fQAABgAAAGNvbmZpZwAAAAAAAAAABgAIAAYABgAAAAAAAwAEAAAAdGltZQAAAAB4AgAAQVJST1cx
FRAME=QVJST1cxAAD/////SAIAABAAAAAAAAoADgAMAAsABAAKAAAAFAAAAAAAAAEEAAoADAAAAAgABAAKAAAACAAAAGwAAAACAAAAKAAAAAQAAABE/v//CAAAAAwAAAAAAAAAAAAAAAUAAAByZWZJZAAAAGT+//8IAAAAKAAAAB8AAAB7bGV2ZWw9ImluZm8iLCBsb2NhdGlvbj0ibWFycyJ9AAQAAABuYW1lAAAAAAIAAAAUAQAABAAAAAb///8UAAAA3AAAANwAAAAAAAAD3AAAAAMAAABwAAAALAAAAAQAAADU/v//CAAAABAAAAAFAAAAdmFsdWUAAAAEAAAAbmFtZQAAAAD4/v//CAAAACwAAAAiAAAAeyJsZXZlbCI6ImluZm8iLCJsb2NhdGlvbiI6Im1hcnMifQAABgAAAGxhYmVscwAAOP///wgAAABEAAAAOwAAAHsiZGlzcGxheU5hbWVGcm9tRFMiOiJ7bGV2ZWw9XCJpbmZvXCIsIGxvY2F0aW9uPVwibWFyc1wifSJ9AAYAAABjb25maWcAAAAAAABm////AAACAAUAAAB2YWx1ZQASABgAFAAAABMADAAAAAgABAASAAAAFAAAAGgAAABwAAAAAAAACnAAAAACAAAANAAAAAQAAADc////CAAAABAAAAAEAAAAdGltZQAAAAAEAAAAbmFtZQAAAAAIAAwACAAEAAgAAAAIAAAADAAAAAIAAAB7fQAABgAAAGNvbmZpZwAAAAAAAAAABgAIAAYABgAAAAAAAwAEAAAAdGltZQAAAAAAAAAA/////7gAAAAUAAAAAAAAAAwAFgAUABMADAAEAAwAAABQAAAAAAAAABQAAAAAAAADBAAKABgADAAIAAQACgAAABQAAABYAAAABQAAAAAAAAAAAAAABAAAAAAAAAAAAAAAAAAAAAAAAAAAAAAAAAAAACgAAAAAAAAAKAAAAAAAAAAAAAAAAAAAACgAAAAAAAAAKAAAAAAAAAAAAAAAAgAAAAUAAAAAAAAAAAAAAAAAAAAFAAAAAAAAAAAAAAAAAAAAAOTaptpXvxYAyOb63Fe/FgCs8k7fV78WAJD+ouFXvxYA6EWb71e/FjMzMzMzM+M/mpmZmZmZ6T+amZmZmZnpP5qZmZmZmek/zczMzMzMBEAQAAAADAAUABIADAAIAAQADAAAABAAAAAsAAAAOAAAAAAABAABAAAAWAIAAAAAAADAAAAAAAAAAFAAAAAAAAAAAAAAAAAAAAAAAAoADAAAAAgABAAKAAAACAAAAGwAAAACAAAAKAAAAAQAAABE/v//CAAAAAwAAAAAAAAAAAAAAAUAAAByZWZJZAAAAGT+//8IAAAAKAAAAB8AAAB7bGV2ZWw9ImluZm8iLCBsb2NhdGlvbj0ibWFycyJ9AAQAAABuYW1lAAAAAAIAAAAUAQAABAAAAAb///8UAAAA3AAAANwAAAAAAAAD3AAAAAMAAABwAAAALAAAAAQAAADU/v//CAAAABAAAAAFAAAAdmFsdWUAAAAEAAAAbmFtZQAAAAD4/v//CAAAACwAAAAiAAAAeyJsZXZlbCI6ImluZm8iLCJsb2NhdGlvbiI6Im1hcnMifQAABgAAAGxhYmVscwAAOP///wgAAABEAAAAOwAAAHsiZGlzcGxheU5hbWVGcm9tRFMiOiJ7bGV2ZWw9XCJpbmZvXCIsIGxvY2F0aW9uPVwibWFyc1wifSJ9AAYAAABjb25maWcAAAAAAABm////AAACAAUAAAB2YWx1ZQASABgAFAAAABMADAAAAAgABAASAAAAFAAAAGgAAABwAAAAAAAACnAAAAACAAAANAAAAAQAAADc////CAAAABAAAAAEAAAAdGltZQAAAAAEAAAAbmFtZQAAAAAIAAwACAAEAAgAAAAIAAAADAAAAAIAAAB7fQAABgAAAGNvbmZpZwAAAAAAAAAABgAIAAYABgAAAAAAAwAEAAAAdGltZQAAAABwAgAAQVJST1cx
