ðŸŒŸ This was machine generated.  Do not edit. ðŸŒŸ

Frame[0] 
Name: {level="error"}
Dimensions: 2 Fields by 4 Rows
+-----------------------------------+---------------------+
| Name: time                        | Name: value         |
| Labels:                           | Labels: level=error |
| Type: []time.Time                 | Type: []float64     |
+-----------------------------------+---------------------+
| 2021-12-10 08:36:06.511 +0000 UTC | 0.4                 |
| 2021-12-10 08:36:46.512 +0000 UTC | 0.2                 |
| 2021-12-10 08:36:56.513 +0000 UTC | 0.2                 |
| 2021-12-10 08:37:46.514 +0000 UTC | 0.6                 |
+-----------------------------------+---------------------+


====== TEST DATA RESPONSE (arrow base64) ======
FRAME=QVJST1cxAAD/////GAIAABAAAAAAAAoADgAMAAsABAAKAAAAFAAAAAAAAAEEAAoADAAAAAgABAAKAAAACAAAAFwAAAACAAAAKAAAAAQAAAB0/v//CAAAAAwAAAAAAAAAAAAAAAUAAAByZWZJZAAAAJT+//8IAAAAGAAAAA8AAAB7bGV2ZWw9ImVycm9yIn0ABAAAAG5hbWUAAAAAAgAAAPQAAAAEAAAAJv///xQAAAC8AAAAvAAAAAAAAAO8AAAAAwAAAGAAAAAsAAAABAAAAPT+//8IAAAAEAAAAAUAAAB2YWx1ZQAAAAQAAABuYW1lAAAAABj///8IAAAAHAAAABEAAAB7ImxldmVsIjoiZXJyb3IifQAAAAYAAABsYWJlbHMAAEj///8IAAAANAAAACkAAAB7ImRpc3BsYXlOYW1lRnJvbURTIjoie2xldmVsPVwiZXJyb3JcIn0ifQAAAAYAAABjb25maWcAAAAAAABm////AAACAAUAAAB2YWx1ZQASABgAFAAAABMADAAAAAgABAASAAAAFAAAAGgAAABwAAAAAAAACnAAAAACAAAANAAAAAQAAADc////CAAAABAAAAAEAAAAdGltZQAAAAAEAAAAbmFtZQAAAAAIAAwACAAEAAgAAAAIAAAADAAAAAIAAAB7fQAABgAAAGNvbmZpZwAAAAAAAAAABgAIAAYABgAAAAAAAwAEAAAAdGltZQAAAAAAAAAA/////7gAAAAUAAAAAAAAAAwAFgAUABMADAAEAAwAAABAAAAAAAAAABQAAAAAAAADBAAKABgADAAIAAQACgAAABQAAABYAAAABAAAAAAAAAAAAAAABAAAAAAAAAAAAAAAAAAAAAAAAAAAAAAAAAAAACAAAAAAAAAAIAAAAAAAAAAAAAAAAAAAACAAAAAAAAAAIAAAAAAAAAAAAAAAAgAAAAQAAAAAAAAAAAAAAAAAAAAEAAAAAAAAAAAAAAAAAAAAwFk4HdZXvxYALHdt31e/FkBSksHhV78WgAjdZe1XvxaamZmZmZnZP5qZmZmZmck/mpmZmZmZyT8zMzMzMzPjPxAAAAAMABQAEgAMAAgABAAMAAAAEAAAACwAAAA4AAAAAAAEAAEAAAAoAgAAAAAAAMAAAAAAAAAAQAAAAAAAAAAAAAAAAAAAAAAACgAMAAAACAAEAAoAAAAIAAAAXAAAAAIAAAAoAAAABAAAAHT+//8IAAAADAAAAAAAAAAAAAAABQAAAHJlZklkAAAAlP7//wgAAAAYAAAADwAAAHtsZXZlbD0iZXJyb3IifQAEAAAAbmFtZQAAAAACAAAA9AAAAAQAAAAm////FAAAALwAAAC8AAAAAAAAA7wAAAADAAAAYAAAACwAAAAEAAAA9P7//wgAAAAQAAAABQAAAHZhbHVlAAAABAAAAG5hbWUAAAAAGP///wgAAAAcAAAAEQAAAHsibGV2ZWwiOiJlcnJvciJ9AAAABgAAAGxhYmVscwAASP///wgAAAA0AAAAKQAAAHsiZGlzcGxheU5hbWVGcm9tRFMiOiJ7bGV2ZWw9XCJlcnJvclwifSJ9AAAABgAAAGNvbmZpZwAAAAAAAGb///8AAAIABQAAAHZhbHVlABIAGAAUAAAAEwAMAAAACAAEABIAAAAUAAAAaAAAAHAAAAAAAAAKcAAAAAIAAAA0AAAABAAAANz///8IAAAAEAAAAAQAAAB0aW1lAAAAAAQAAABuYW1lAAAAAAgADAAIAAQACAAAAAgAAAAMAAAAAgAAAHt9AAAGAAAAY29uZmlnAAAAAAAAAAAGAAgABgAGAAAAAAADAAQAAAB0aW1lAAAAAEACAABBUlJPVzE=
