ðŸŒŸ This was machine generated.  Do not edit. ðŸŒŸ

Frame[0] 
Name: {level="info", location="moon", protocol="http"}
Dimensions: 2 Fields by 2 Rows
+---------------------------------+--------------------------------------------------+
| Name: time                      | Name: value                                      |
| Labels:                         | Labels: level=info, location=moon, protocol=http |
| Type: []time.Time               | Type: []float64                                  |
+---------------------------------+--------------------------------------------------+
| 2022-01-24 10:53:31.9 +0000 UTC | +Inf                                             |
| 2022-01-24 10:58:31.9 +0000 UTC | -Inf                                             |
+---------------------------------+--------------------------------------------------+


====== TEST DATA RESPONSE (arrow base64) ======
FRAME=QVJST1cxAAD/////gAIAABAAAAAAAAoADgAMAAsABAAKAAAAFAAAAAAAAAEEAAoADAAAAAgABAAKAAAACAAAAIAAAAACAAAAKAAAAAQAAAAI/v//CAAAAAwAAAAAAAAAAAAAAAUAAAByZWZJZAAAACj+//8IAAAAPAAAADAAAAB7bGV2ZWw9ImluZm8iLCBsb2NhdGlvbj0ibW9vbiIsIHByb3RvY29sPSJodHRwIn0AAAAABAAAAG5hbWUAAAAAAgAAADwBAAAEAAAA3v7//xQAAAAEAQAABAEAAAAAAAMEAQAAAwAAAIQAAAAsAAAABAAAAKz+//8IAAAAEAAAAAUAAAB2YWx1ZQAAAAQAAABuYW1lAAAAAND+//8IAAAAQAAAADQAAAB7ImxldmVsIjoiaW5mbyIsImxvY2F0aW9uIjoibW9vbiIsInByb3RvY29sIjoiaHR0cCJ9AAAAAAYAAABsYWJlbHMAACT///8IAAAAWAAAAE4AAAB7ImRpc3BsYXlOYW1lRnJvbURTIjoie2xldmVsPVwiaW5mb1wiLCBsb2NhdGlvbj1cIm1vb25cIiwgcHJvdG9jb2w9XCJodHRwXCJ9In0AAAYAAABjb25maWcAAAAAAABm////AAACAAUAAAB2YWx1ZQASABgAFAAAABMADAAAAAgABAASAAAAFAAAAGgAAABwAAAAAAAACnAAAAACAAAANAAAAAQAAADc////CAAAABAAAAAEAAAAdGltZQAAAAAEAAAAbmFtZQAAAAAIAAwACAAEAAgAAAAIAAAADAAAAAIAAAB7fQAABgAAAGNvbmZpZwAAAAAAAAAABgAIAAYABgAAAAAAAwAEAAAAdGltZQAAAAD/////uAAAABQAAAAAAAAADAAWABQAEwAMAAQADAAAACAAAAAAAAAAFAAAAAAAAAMEAAoAGAAMAAgABAAKAAAAFAAAAFgAAAACAAAAAAAAAAAAAAAEAAAAAAAAAAAAAAAAAAAAAAAAAAAAAAAAAAAAEAAAAAAAAAAQAAAAAAAAAAAAAAAAAAAAEAAAAAAAAAAQAAAAAAAAAAAAAAACAAAAAgAAAAAAAAAAAAAAAAAAAAIAAAAAAAAAAAAAAAAAAAAA15Zvcy/NFgCP+0i5L80WAAAAAAAA8H8AAAAAAADw/xAAAAAMABQAEgAMAAgABAAMAAAAEAAAACwAAAA8AAAAAAAEAAEAAACQAgAAAAAAAMAAAAAAAAAAIAAAAAAAAAAAAAAAAAAAAAAAAAAAAAoADAAAAAgABAAKAAAACAAAAIAAAAACAAAAKAAAAAQAAAAI/v//CAAAAAwAAAAAAAAAAAAAAAUAAAByZWZJZAAAACj+//8IAAAAPAAAADAAAAB7bGV2ZWw9ImluZm8iLCBsb2NhdGlvbj0ibW9vbiIsIHByb3RvY29sPSJodHRwIn0AAAAABAAAAG5hbWUAAAAAAgAAADwBAAAEAAAA3v7//xQAAAAEAQAABAEAAAAAAAMEAQAAAwAAAIQAAAAsAAAABAAAAKz+//8IAAAAEAAAAAUAAAB2YWx1ZQAAAAQAAABuYW1lAAAAAND+//8IAAAAQAAAADQAAAB7ImxldmVsIjoiaW5mbyIsImxvY2F0aW9uIjoibW9vbiIsInByb3RvY29sIjoiaHR0cCJ9AAAAAAYAAABsYWJlbHMAACT///8IAAAAWAAAAE4AAAB7ImRpc3BsYXlOYW1lRnJvbURTIjoie2xldmVsPVwiaW5mb1wiLCBsb2NhdGlvbj1cIm1vb25cIiwgcHJvdG9jb2w9XCJodHRwXCJ9In0AAAYAAABjb25maWcAAAAAAABm////AAACAAUAAAB2YWx1ZQASABgAFAAAABMADAAAAAgABAASAAAAFAAAAGgAAABwAAAAAAAACnAAAAACAAAANAAAAAQAAADc////CAAAABAAAAAEAAAAdGltZQAAAAAEAAAAbmFtZQAAAAAIAAwACAAEAAgAAAAIAAAADAAAAAIAAAB7fQAABgAAAGNvbmZpZwAAAAAAAAAABgAIAAYABgAAAAAAAwAEAAAAdGltZQAAAACwAgAAQVJST1cx
