ðŸŒŸ This was machine generated.  Do not edit. ðŸŒŸ

Frame[0] {
    "type": "timeseries-many",
    "executedQueryString": "Expr: up(ALERTS)\nStep: 42s"
}
Name: {}
Dimensions: 2 Fields by 2 Rows
+-----------------------------------+-----------------+
| Name: Time                        | Name: Value     |
| Labels:                           | Labels:         |
| Type: []time.Time                 | Type: []float64 |
+-----------------------------------+-----------------+
| 2022-01-24 08:54:10.417 +0000 UTC | NaN             |
| 2022-01-24 08:59:10.417 +0000 UTC | NaN             |
+-----------------------------------+-----------------+


====== TEST DATA RESPONSE (arrow base64) ======
FRAME=QVJST1cxAAD/////aAIAABAAAAAAAAoADgAMAAsABAAKAAAAFAAAAAAAAAEEAAoADAAAAAgABAAKAAAACAAAAMAAAAADAAAATAAAACgAAAAEAAAANP7//wgAAAAMAAAAAAAAAAAAAAAFAAAAcmVmSWQAAABU/v//CAAAAAwAAAACAAAAe30AAAQAAABuYW1lAAAAAHT+//8IAAAAWAAAAE4AAAB7InR5cGUiOiJ0aW1lc2VyaWVzLW1hbnkiLCJleGVjdXRlZFF1ZXJ5U3RyaW5nIjoiRXhwcjogdXAoQUxFUlRTKVxuU3RlcDogNDJzIn0AAAQAAABtZXRhAAAAAAIAAADUAAAABAAAAEb///8UAAAAnAAAAJwAAAAAAAADnAAAAAMAAABQAAAALAAAAAQAAAAU////CAAAABAAAAAFAAAAVmFsdWUAAAAEAAAAbmFtZQAAAAA4////CAAAAAwAAAACAAAAe30AAAYAAABsYWJlbHMAAFj///8IAAAAJAAAABoAAAB7ImRpc3BsYXlOYW1lRnJvbURTIjoie30ifQAABgAAAGNvbmZpZwAAAAAAAFb///8AAAIABQAAAFZhbHVlABIAGAAUAAAAEwAMAAAACAAEABIAAAAUAAAAeAAAAIAAAAAAAAAKgAAAAAIAAAA0AAAABAAAANz///8IAAAAEAAAAAQAAABUaW1lAAAAAAQAAABuYW1lAAAAAAgADAAIAAQACAAAAAgAAAAcAAAAEgAAAHsiaW50ZXJ2YWwiOjQyMDAwfQAABgAAAGNvbmZpZwAAAAAAAAAABgAIAAYABgAAAAAAAwAEAAAAVGltZQAAAAD/////uAAAABQAAAAAAAAADAAWABQAEwAMAAQADAAAACAAAAAAAAAAFAAAAAAAAAMEAAoAGAAMAAgABAAKAAAAFAAAAFgAAAACAAAAAAAAAAAAAAAEAAAAAAAAAAAAAAAAAAAAAAAAAAAAAAAAAAAAEAAAAAAAAAAQAAAAAAAAAAAAAAAAAAAAEAAAAAAAAAAQAAAAAAAAAAAAAAACAAAAAgAAAAAAAAAAAAAAAAAAAAIAAAAAAAAAAAAAAAAAAABAXvAF8CjNFkAWVd81Kc0WAQAAAAAA+H8BAAAAAAD4fxAAAAAMABQAEgAMAAgABAAMAAAAEAAAACwAAAA8AAAAAAAEAAEAAAB4AgAAAAAAAMAAAAAAAAAAIAAAAAAAAAAAAAAAAAAAAAAAAAAAAAoADAAAAAgABAAKAAAACAAAAMAAAAADAAAATAAAACgAAAAEAAAANP7//wgAAAAMAAAAAAAAAAAAAAAFAAAAcmVmSWQAAABU/v//CAAAAAwAAAACAAAAe30AAAQAAABuYW1lAAAAAHT+//8IAAAAWAAAAE4AAAB7InR5cGUiOiJ0aW1lc2VyaWVzLW1hbnkiLCJleGVjdXRlZFF1ZXJ5U3RyaW5nIjoiRXhwcjogdXAoQUxFUlRTKVxuU3RlcDogNDJzIn0AAAQAAABtZXRhAAAAAAIAAADUAAAABAAAAEb///8UAAAAnAAAAJwAAAAAAAADnAAAAAMAAABQAAAALAAAAAQAAAAU////CAAAABAAAAAFAAAAVmFsdWUAAAAEAAAAbmFtZQAAAAA4////CAAAAAwAAAACAAAAe30AAAYAAABsYWJlbHMAAFj///8IAAAAJAAAABoAAAB7ImRpc3BsYXlOYW1lRnJvbURTIjoie30ifQAABgAAAGNvbmZpZwAAAAAAAFb///8AAAIABQAAAFZhbHVlABIAGAAUAAAAEwAMAAAACAAEABIAAAAUAAAAeAAAAIAAAAAAAAAKgAAAAAIAAAA0AAAABAAAANz///8IAAAAEAAAAAQAAABUaW1lAAAAAAQAAABuYW1lAAAAAAgADAAIAAQACAAAAAgAAAAcAAAAEgAAAHsiaW50ZXJ2YWwiOjQyMDAwfQAABgAAAGNvbmZpZwAAAAAAAAAABgAIAAYABgAAAAAAAwAEAAAAVGltZQAAAACYAgAAQVJST1cx
