ðŸŒŸ This was machine generated.  Do not edit. ðŸŒŸ

Frame[0] 
Name: {}
Dimensions: 2 Fields by 6 Rows
+-----------------------------------+-----------------+
| Name: time                        | Name: value     |
| Labels:                           | Labels:         |
| Type: []time.Time                 | Type: []float64 |
+-----------------------------------+-----------------+
| 2022-01-24 08:54:13.815 +0000 UTC | 50              |
| 2022-01-24 08:59:13.815 +0000 UTC | 57              |
| 2022-01-24 09:04:13.815 +0000 UTC | 55              |
| 2022-01-24 09:34:13.815 +0000 UTC | 54              |
| 2022-01-24 09:39:13.815 +0000 UTC | 55              |
| 2022-01-24 09:44:13.815 +0000 UTC | 56              |
+-----------------------------------+-----------------+


====== TEST DATA RESPONSE (arrow base64) ======
FRAME=QVJST1cxAAD/////6AEAABAAAAAAAAoADgAMAAsABAAKAAAAFAAAAAAAAAEEAAoADAAAAAgABAAKAAAACAAAAFAAAAACAAAAKAAAAAQAAACg/v//CAAAAAwAAAAAAAAAAAAAAAUAAAByZWZJZAAAAMD+//8IAAAADAAAAAIAAAB7fQAABAAAAG5hbWUAAAAAAgAAANQAAAAEAAAARv///xQAAACcAAAAnAAAAAAAAAOcAAAAAwAAAFAAAAAsAAAABAAAABT///8IAAAAEAAAAAUAAAB2YWx1ZQAAAAQAAABuYW1lAAAAADj///8IAAAADAAAAAIAAAB7fQAABgAAAGxhYmVscwAAWP///wgAAAAkAAAAGgAAAHsiZGlzcGxheU5hbWVGcm9tRFMiOiJ7fSJ9AAAGAAAAY29uZmlnAAAAAAAAZv///wAAAgAFAAAAdmFsdWUAEgAYABQAAAATAAwAAAAIAAQAEgAAABQAAABoAAAAcAAAAAAAAApwAAAAAgAAADQAAAAEAAAA3P///wgAAAAQAAAABAAAAHRpbWUAAAAABAAAAG5hbWUAAAAACAAMAAgABAAIAAAACAAAAAwAAAACAAAAe30AAAYAAABjb25maWcAAAAAAAAAAAYACAAGAAYAAAAAAAMABAAAAHRpbWUAAAAA/////7gAAAAUAAAAAAAAAAwAFgAUABMADAAEAAwAAABgAAAAAAAAABQAAAAAAAADBAAKABgADAAIAAQACgAAABQAAABYAAAABgAAAAAAAAAAAAAABAAAAAAAAAAAAAAAAAAAAAAAAAAAAAAAAAAAADAAAAAAAAAAMAAAAAAAAAAAAAAAAAAAADAAAAAAAAAAMAAAAAAAAAAAAAAAAgAAAAYAAAAAAAAAAAAAAAAAAAAGAAAAAAAAAAAAAAAAAAAAwLt50PAozRbAc96pNinNFsArQ4N8Kc0WwHufmx8rzRbAMwR1ZSvNFsDraE6rK80WAAAAAAAASUAAAAAAAIBMQAAAAAAAgEtAAAAAAAAAS0AAAAAAAIBLQAAAAAAAAExAEAAAAAwAFAASAAwACAAEAAwAAAAQAAAALAAAADwAAAAAAAQAAQAAAPgBAAAAAAAAwAAAAAAAAABgAAAAAAAAAAAAAAAAAAAAAAAAAAAACgAMAAAACAAEAAoAAAAIAAAAUAAAAAIAAAAoAAAABAAAAKD+//8IAAAADAAAAAAAAAAAAAAABQAAAHJlZklkAAAAwP7//wgAAAAMAAAAAgAAAHt9AAAEAAAAbmFtZQAAAAACAAAA1AAAAAQAAABG////FAAAAJwAAACcAAAAAAAAA5wAAAADAAAAUAAAACwAAAAEAAAAFP///wgAAAAQAAAABQAAAHZhbHVlAAAABAAAAG5hbWUAAAAAOP///wgAAAAMAAAAAgAAAHt9AAAGAAAAbGFiZWxzAABY////CAAAACQAAAAaAAAAeyJkaXNwbGF5TmFtZUZyb21EUyI6Int9In0AAAYAAABjb25maWcAAAAAAABm////AAACAAUAAAB2YWx1ZQASABgAFAAAABMADAAAAAgABAASAAAAFAAAAGgAAABwAAAAAAAACnAAAAACAAAANAAAAAQAAADc////CAAAABAAAAAEAAAAdGltZQAAAAAEAAAAbmFtZQAAAAAIAAwACAAEAAgAAAAIAAAADAAAAAIAAAB7fQAABgAAAGNvbmZpZwAAAAAAAAAABgAIAAYABgAAAAAAAwAEAAAAdGltZQAAAAAYAgAAQVJST1cx
