ðŸŒŸ This was machine generated.  Do not edit. ðŸŒŸ

Frame[0] {
    "custom": {
        "frameType": "LabeledTimeValues"
    },
    "stats": [
        {
            "displayName": "Summary: bytes processed per second",
            "unit": "Bps",
            "value": 3507022
        },
        {
            "displayName": "Summary: lines processed per second",
            "value": 24818
        },
        {
            "displayName": "Summary: total bytes processed",
            "unit": "decbytes",
            "value": 7772
        },
        {
            "displayName": "Summary: total lines processed",
            "value": 55
        },
        {
            "displayName": "Summary: exec time",
            "unit": "s",
            "value": 0.002216125
        },
        {
            "displayName": "Store: total chunks ref",
            "value": 2
        },
        {
            "displayName": "Store: total chunks downloaded",
            "value": 3
        },
        {
            "displayName": "Store: chunks download time",
            "unit": "s",
            "value": 0.000390958
        },
        {
            "displayName": "Store: head chunk bytes",
            "unit": "decbytes",
            "value": 4
        },
        {
            "displayName": "Store: head chunk lines",
            "value": 5
        },
        {
            "displayName": "Store: decompressed bytes",
            "unit": "decbytes",
            "value": 7772
        },
        {
            "displayName": "Store: decompressed lines",
            "value": 55
        },
        {
            "displayName": "Store: compressed bytes",
            "unit": "decbytes",
            "value": 31432
        },
        {
            "displayName": "Store: total duplicates",
            "value": 6
        },
        {
            "displayName": "Ingester: total reached",
            "value": 7
        },
        {
            "displayName": "Ingester: total chunks matched",
            "value": 8
        },
        {
            "displayName": "Ingester: total batches",
            "value": 9
        },
        {
            "displayName": "Ingester: total lines sent",
            "value": 10
        },
        {
            "displayName": "Ingester: head chunk bytes",
            "unit": "decbytes",
            "value": 11
        },
        {
            "displayName": "Ingester: head chunk lines",
            "value": 12
        },
        {
            "displayName": "Ingester: decompressed bytes",
            "unit": "decbytes",
            "value": 13
        },
        {
            "displayName": "Ingester: decompressed lines",
            "value": 14
        },
        {
            "displayName": "Ingester: compressed bytes",
            "unit": "decbytes",
            "value": 15
        },
        {
            "displayName": "Ingester: total duplicates",
            "value": 16
        }
    ],
    "executedQueryString": "Expr: query1"
}
Name: 
Dimensions: 5 Fields by 6 Rows
+---------------------------------------+-----------------------------------------+------------------+---------------------+---------------------------------+
| Name: labels                          | Name: Time                              | Name: Line       | Name: tsNs          | Name: id                        |
| Labels:                               | Labels:                                 | Labels:          | Labels:             | Labels:                         |
| Type: []json.RawMessage               | Type: []time.Time                       | Type: []string   | Type: []string      | Type: []string                  |
+---------------------------------------+-----------------------------------------+------------------+---------------------+---------------------------------+
| {"code":"one\",","location":"moonðŸŒ™"} | 2022-02-16 16:50:44.81075712 +0000 UTC  | log line error 1 | 1645030244810757120 | 1645030244810757120_1d8c2178_   |
| {"code":"\",two","location":"moonðŸŒ™"} | 2022-02-16 16:50:47.02773504 +0000 UTC  | log line info 1  | 1645030247027735040 | 1645030247027735040_87a7aed2_   |
| {"code":"\",two","location":"moonðŸŒ™"} | 2022-02-16 16:50:46.277587968 +0000 UTC | log line info 2  | 1645030246277587968 | 1645030246277587968_318d05c9_   |
| {"code":"\",two","location":"moonðŸŒ™"} | 2022-02-16 16:50:46.277587968 +0000 UTC | log line info 2  | 1645030246277587968 | 1645030246277587968_318d05c9_1_ |
| {"code":"\",two","location":"moonðŸŒ™"} | 2022-02-16 16:50:45.539423744 +0000 UTC | log line info 3  | 1645030245539423744 | 1645030245539423744_fd17f65c_   |
| {"code":"\",two","location":"moonðŸŒ™"} | 2022-02-16 16:50:44.091700992 +0000 UTC | log line info 4  | 1645030244091700992 | 1645030244091700992_62ae07f3_   |
+---------------------------------------+-----------------------------------------+------------------+---------------------+---------------------------------+


====== TEST DATA RESPONSE (arrow base64) ======
FRAME=QVJST1cxAAD/////8AgAABAAAAAAAAoADgAMAAsABAAKAAAAFAAAAAAAAAEEAAoADAAAAAgABAAKAAAACAAAANAGAAADAAAATAAAACgAAAAEAAAAmPf//wgAAAAMAAAAAAAAAAAAAAAFAAAAcmVmSWQAAAC49///CAAAAAwAAAAAAAAAAAAAAAQAAABuYW1lAAAAANj3//8IAAAAaAYAAF0GAAB7ImN1c3RvbSI6eyJmcmFtZVR5cGUiOiJMYWJlbGVkVGltZVZhbHVlcyJ9LCJzdGF0cyI6W3siZGlzcGxheU5hbWUiOiJTdW1tYXJ5OiBieXRlcyBwcm9jZXNzZWQgcGVyIHNlY29uZCIsInVuaXQiOiJCcHMiLCJ2YWx1ZSI6MzUwNzAyMn0seyJkaXNwbGF5TmFtZSI6IlN1bW1hcnk6IGxpbmVzIHByb2Nlc3NlZCBwZXIgc2Vjb25kIiwidmFsdWUiOjI0ODE4fSx7ImRpc3BsYXlOYW1lIjoiU3VtbWFyeTogdG90YWwgYnl0ZXMgcHJvY2Vzc2VkIiwidW5pdCI6ImRlY2J5dGVzIiwidmFsdWUiOjc3NzJ9LHsiZGlzcGxheU5hbWUiOiJTdW1tYXJ5OiB0b3RhbCBsaW5lcyBwcm9jZXNzZWQiLCJ2YWx1ZSI6NTV9LHsiZGlzcGxheU5hbWUiOiJTdW1tYXJ5OiBleGVjIHRpbWUiLCJ1bml0IjoicyIsInZhbHVlIjowLjAwMjIxNjEyNX0seyJkaXNwbGF5TmFtZSI6IlN0b3JlOiB0b3RhbCBjaHVua3MgcmVmIiwidmFsdWUiOjJ9LHsiZGlzcGxheU5hbWUiOiJTdG9yZTogdG90YWwgY2h1bmtzIGRvd25sb2FkZWQiLCJ2YWx1ZSI6M30seyJkaXNwbGF5TmFtZSI6IlN0b3JlOiBjaHVua3MgZG93bmxvYWQgdGltZSIsInVuaXQiOiJzIiwidmFsdWUiOjAuMDAwMzkwOTU4fSx7ImRpc3BsYXlOYW1lIjoiU3RvcmU6IGhlYWQgY2h1bmsgYnl0ZXMiLCJ1bml0IjoiZGVjYnl0ZXMiLCJ2YWx1ZSI6NH0seyJkaXNwbGF5TmFtZSI6IlN0b3JlOiBoZWFkIGNodW5rIGxpbmVzIiwidmFsdWUiOjV9LHsiZGlzcGxheU5hbWUiOiJTdG9yZTogZGVjb21wcmVzc2VkIGJ5dGVzIiwidW5pdCI6ImRlY2J5dGVzIiwidmFsdWUiOjc3NzJ9LHsiZGlzcGxheU5hbWUiOiJTdG9yZTogZGVjb21wcmVzc2VkIGxpbmVzIiwidmFsdWUiOjU1fSx7ImRpc3BsYXlOYW1lIjoiU3RvcmU6IGNvbXByZXNzZWQgYnl0ZXMiLCJ1bml0IjoiZGVjYnl0ZXMiLCJ2YWx1ZSI6MzE0MzJ9LHsiZGlzcGxheU5hbWUiOiJTdG9yZTogdG90YWwgZHVwbGljYXRlcyIsInZhbHVlIjo2fSx7ImRpc3BsYXlOYW1lIjoiSW5nZXN0ZXI6IHRvdGFsIHJlYWNoZWQiLCJ2YWx1ZSI6N30seyJkaXNwbGF5TmFtZSI6IkluZ2VzdGVyOiB0b3RhbCBjaHVua3MgbWF0Y2hlZCIsInZhbHVlIjo4fSx7ImRpc3BsYXlOYW1lIjoiSW5nZXN0ZXI6IHRvdGFsIGJhdGNoZXMiLCJ2YWx1ZSI6OX0seyJkaXNwbGF5TmFtZSI6IkluZ2VzdGVyOiB0b3RhbCBsaW5lcyBzZW50IiwidmFsdWUiOjEwfSx7ImRpc3BsYXlOYW1lIjoiSW5nZXN0ZXI6IGhlYWQgY2h1bmsgYnl0ZXMiLCJ1bml0IjoiZGVjYnl0ZXMiLCJ2YWx1ZSI6MTF9LHsiZGlzcGxheU5hbWUiOiJJbmdlc3RlcjogaGVhZCBjaHVuayBsaW5lcyIsInZhbHVlIjoxMn0seyJkaXNwbGF5TmFtZSI6IkluZ2VzdGVyOiBkZWNvbXByZXNzZWQgYnl0ZXMiLCJ1bml0IjoiZGVjYnl0ZXMiLCJ2YWx1ZSI6MTN9LHsiZGlzcGxheU5hbWUiOiJJbmdlc3RlcjogZGVjb21wcmVzc2VkIGxpbmVzIiwidmFsdWUiOjE0fSx7ImRpc3BsYXlOYW1lIjoiSW5nZXN0ZXI6IGNvbXByZXNzZWQgYnl0ZXMiLCJ1bml0IjoiZGVjYnl0ZXMiLCJ2YWx1ZSI6MTV9LHsiZGlzcGxheU5hbWUiOiJJbmdlc3RlcjogdG90YWwgZHVwbGljYXRlcyIsInZhbHVlIjoxNn1dLCJleGVjdXRlZFF1ZXJ5U3RyaW5nIjoiRXhwcjogcXVlcnkxIn0AAAAEAAAAbWV0YQAAAAAFAAAAiAEAABABAAC0AAAAWAAAAAQAAACe/v//FAAAADgAAAA4AAAAAAAABTQAAAABAAAABAAAAIz+//8IAAAADAAAAAIAAABpZAAABAAAAG5hbWUAAAAAAAAAAID+//8CAAAAaWQAAO7+//8UAAAAPAAAADwAAAAAAAAFOAAAAAEAAAAEAAAA3P7//wgAAAAQAAAABAAAAHRzTnMAAAAABAAAAG5hbWUAAAAAAAAAANT+//8EAAAAdHNOcwAAAABG////FAAAADwAAAA8AAAAAAAABTgAAAABAAAABAAAADT///8IAAAAEAAAAAQAAABMaW5lAAAAAAQAAABuYW1lAAAAAAAAAAAs////BAAAAExpbmUAAAAAnv///xQAAAA8AAAARAAAAAAAAApEAAAAAQAAAAQAAACM////CAAAABAAAAAEAAAAVGltZQAAAAAEAAAAbmFtZQAAAAAAAAAAAAAGAAgABgAGAAAAAAADAAQAAABUaW1lAAASABgAFAAAABMADAAAAAgABAASAAAAFAAAAEQAAABIAAAAAAAABEQAAAABAAAADAAAAAgADAAIAAQACAAAAAgAAAAQAAAABgAAAGxhYmVscwAABAAAAG5hbWUAAAAAAAAAAAQABAAEAAAABgAAAGxhYmVscwAA/////4gBAAAUAAAAAAAAAAwAFgAUABMADAAEAAwAAAAoAwAAAAAAABQAAAAAAAADBAAKABgADAAIAAQACgAAABQAAAD4AAAABgAAAAAAAAAAAAAADgAAAAAAAAAAAAAAAAAAAAAAAAAAAAAAAAAAABwAAAAAAAAAIAAAAAAAAADqAAAAAAAAABABAAAAAAAAAAAAAAAAAAAQAQAAAAAAADAAAAAAAAAAQAEAAAAAAAAAAAAAAAAAAEABAAAAAAAAHAAAAAAAAABgAQAAAAAAAFsAAAAAAAAAwAEAAAAAAAAAAAAAAAAAAMABAAAAAAAAHAAAAAAAAADgAQAAAAAAAHIAAAAAAAAAWAIAAAAAAAAAAAAAAAAAAFgCAAAAAAAAHAAAAAAAAAB4AgAAAAAAALAAAAAAAAAAAAAAAAUAAAAGAAAAAAAAAAAAAAAAAAAABgAAAAAAAAAAAAAAAAAAAAYAAAAAAAAAAAAAAAAAAAAGAAAAAAAAAAAAAAAAAAAABgAAAAAAAAAAAAAAAAAAAAAAAAAnAAAATgAAAHUAAACcAAAAwwAAAOoAAAAAAAAAeyJjb2RlIjoib25lXCIsIiwibG9jYXRpb24iOiJtb29u8J+MmSJ9eyJjb2RlIjoiXCIsdHdvIiwibG9jYXRpb24iOiJtb29u8J+MmSJ9eyJjb2RlIjoiXCIsdHdvIiwibG9jYXRpb24iOiJtb29u8J+MmSJ9eyJjb2RlIjoiXCIsdHdvIiwibG9jYXRpb24iOiJtb29u8J+MmSJ9eyJjb2RlIjoiXCIsdHdvIiwibG9jYXRpb24iOiJtb29u8J+MmSJ9eyJjb2RlIjoiXCIsdHdvIiwibG9jYXRpb24iOiJtb29u8J+MmSJ9AAAAAAAAABS4ukpS1BYAetw+S1LUFgAkJhJLUtQWACQmEktS1BYApibmSlLUFgAn3I9KUtQWAAAAABAAAAAfAAAALgAAAD0AAABMAAAAWwAAAAAAAABsb2cgbGluZSBlcnJvciAxbG9nIGxpbmUgaW5mbyAxbG9nIGxpbmUgaW5mbyAybG9nIGxpbmUgaW5mbyAybG9nIGxpbmUgaW5mbyAzbG9nIGxpbmUgaW5mbyA0AAAAAAAAAAAAEwAAACYAAAA5AAAATAAAAF8AAAByAAAAAAAAADE2NDUwMzAyNDQ4MTA3NTcxMjAxNjQ1MDMwMjQ3MDI3NzM1MDQwMTY0NTAzMDI0NjI3NzU4Nzk2ODE2NDUwMzAyNDYyNzc1ODc5NjgxNjQ1MDMwMjQ1NTM5NDIzNzQ0MTY0NTAzMDI0NDA5MTcwMDk5MgAAAAAAAAAAAAAdAAAAOgAAAFcAAAB2AAAAkwAAALAAAAAAAAAAMTY0NTAzMDI0NDgxMDc1NzEyMF8xZDhjMjE3OF8xNjQ1MDMwMjQ3MDI3NzM1MDQwXzg3YTdhZWQyXzE2NDUwMzAyNDYyNzc1ODc5NjhfMzE4ZDA1YzlfMTY0NTAzMDI0NjI3NzU4Nzk2OF8zMThkMDVjOV8xXzE2NDUwMzAyNDU1Mzk0MjM3NDRfZmQxN2Y2NWNfMTY0NTAzMDI0NDA5MTcwMDk5Ml82MmFlMDdmM18QAAAADAAUABIADAAIAAQADAAAABAAAAAsAAAAPAAAAAAABAABAAAAAAkAAAAAAACQAQAAAAAAACgDAAAAAAAAAAAAAAAAAAAAAAAAAAAKAAwAAAAIAAQACgAAAAgAAADQBgAAAwAAAEwAAAAoAAAABAAAAJj3//8IAAAADAAAAAAAAAAAAAAABQAAAHJlZklkAAAAuPf//wgAAAAMAAAAAAAAAAAAAAAEAAAAbmFtZQAAAADY9///CAAAAGgGAABdBgAAeyJjdXN0b20iOnsiZnJhbWVUeXBlIjoiTGFiZWxlZFRpbWVWYWx1ZXMifSwic3RhdHMiOlt7ImRpc3BsYXlOYW1lIjoiU3VtbWFyeTogYnl0ZXMgcHJvY2Vzc2VkIHBlciBzZWNvbmQiLCJ1bml0IjoiQnBzIiwidmFsdWUiOjM1MDcwMjJ9LHsiZGlzcGxheU5hbWUiOiJTdW1tYXJ5OiBsaW5lcyBwcm9jZXNzZWQgcGVyIHNlY29uZCIsInZhbHVlIjoyNDgxOH0seyJkaXNwbGF5TmFtZSI6IlN1bW1hcnk6IHRvdGFsIGJ5dGVzIHByb2Nlc3NlZCIsInVuaXQiOiJkZWNieXRlcyIsInZhbHVlIjo3NzcyfSx7ImRpc3BsYXlOYW1lIjoiU3VtbWFyeTogdG90YWwgbGluZXMgcHJvY2Vzc2VkIiwidmFsdWUiOjU1fSx7ImRpc3BsYXlOYW1lIjoiU3VtbWFyeTogZXhlYyB0aW1lIiwidW5pdCI6InMiLCJ2YWx1ZSI6MC4wMDIyMTYxMjV9LHsiZGlzcGxheU5hbWUiOiJTdG9yZTogdG90YWwgY2h1bmtzIHJlZiIsInZhbHVlIjoyfSx7ImRpc3BsYXlOYW1lIjoiU3RvcmU6IHRvdGFsIGNodW5rcyBkb3dubG9hZGVkIiwidmFsdWUiOjN9LHsiZGlzcGxheU5hbWUiOiJTdG9yZTogY2h1bmtzIGRvd25sb2FkIHRpbWUiLCJ1bml0IjoicyIsInZhbHVlIjowLjAwMDM5MDk1OH0seyJkaXNwbGF5TmFtZSI6IlN0b3JlOiBoZWFkIGNodW5rIGJ5dGVzIiwidW5pdCI6ImRlY2J5dGVzIiwidmFsdWUiOjR9LHsiZGlzcGxheU5hbWUiOiJTdG9yZTogaGVhZCBjaHVuayBsaW5lcyIsInZhbHVlIjo1fSx7ImRpc3BsYXlOYW1lIjoiU3RvcmU6IGRlY29tcHJlc3NlZCBieXRlcyIsInVuaXQiOiJkZWNieXRlcyIsInZhbHVlIjo3NzcyfSx7ImRpc3BsYXlOYW1lIjoiU3RvcmU6IGRlY29tcHJlc3NlZCBsaW5lcyIsInZhbHVlIjo1NX0seyJkaXNwbGF5TmFtZSI6IlN0b3JlOiBjb21wcmVzc2VkIGJ5dGVzIiwidW5pdCI6ImRlY2J5dGVzIiwidmFsdWUiOjMxNDMyfSx7ImRpc3BsYXlOYW1lIjoiU3RvcmU6IHRvdGFsIGR1cGxpY2F0ZXMiLCJ2YWx1ZSI6Nn0seyJkaXNwbGF5TmFtZSI6IkluZ2VzdGVyOiB0b3RhbCByZWFjaGVkIiwidmFsdWUiOjd9LHsiZGlzcGxheU5hbWUiOiJJbmdlc3RlcjogdG90YWwgY2h1bmtzIG1hdGNoZWQiLCJ2YWx1ZSI6OH0seyJkaXNwbGF5TmFtZSI6IkluZ2VzdGVyOiB0b3RhbCBiYXRjaGVzIiwidmFsdWUiOjl9LHsiZGlzcGxheU5hbWUiOiJJbmdlc3RlcjogdG90YWwgbGluZXMgc2VudCIsInZhbHVlIjoxMH0seyJkaXNwbGF5TmFtZSI6IkluZ2VzdGVyOiBoZWFkIGNodW5rIGJ5dGVzIiwidW5pdCI6ImRlY2J5dGVzIiwidmFsdWUiOjExfSx7ImRpc3BsYXlOYW1lIjoiSW5nZXN0ZXI6IGhlYWQgY2h1bmsgbGluZXMiLCJ2YWx1ZSI6MTJ9LHsiZGlzcGxheU5hbWUiOiJJbmdlc3RlcjogZGVjb21wcmVzc2VkIGJ5dGVzIiwidW5pdCI6ImRlY2J5dGVzIiwidmFsdWUiOjEzfSx7ImRpc3BsYXlOYW1lIjoiSW5nZXN0ZXI6IGRlY29tcHJlc3NlZCBsaW5lcyIsInZhbHVlIjoxNH0seyJkaXNwbGF5TmFtZSI6IkluZ2VzdGVyOiBjb21wcmVzc2VkIGJ5dGVzIiwidW5pdCI6ImRlY2J5dGVzIiwidmFsdWUiOjE1fSx7ImRpc3BsYXlOYW1lIjoiSW5nZXN0ZXI6IHRvdGFsIGR1cGxpY2F0ZXMiLCJ2YWx1ZSI6MTZ9XSwiZXhlY3V0ZWRRdWVyeVN0cmluZyI6IkV4cHI6IHF1ZXJ5MSJ9AAAABAAAAG1ldGEAAAAABQAAAIgBAAAQAQAAtAAAAFgAAAAEAAAAnv7//xQAAAA4AAAAOAAAAAAAAAU0AAAAAQAAAAQAAACM/v//CAAAAAwAAAACAAAAaWQAAAQAAABuYW1lAAAAAAAAAACA/v//AgAAAGlkAADu/v//FAAAADwAAAA8AAAAAAAABTgAAAABAAAABAAAANz+//8IAAAAEAAAAAQAAAB0c05zAAAAAAQAAABuYW1lAAAAAAAAAADU/v//BAAAAHRzTnMAAAAARv///xQAAAA8AAAAPAAAAAAAAAU4AAAAAQAAAAQAAAA0////CAAAABAAAAAEAAAATGluZQAAAAAEAAAAbmFtZQAAAAAAAAAALP///wQAAABMaW5lAAAAAJ7///8UAAAAPAAAAEQAAAAAAAAKRAAAAAEAAAAEAAAAjP///wgAAAAQAAAABAAAAFRpbWUAAAAABAAAAG5hbWUAAAAAAAAAAAAABgAIAAYABgAAAAAAAwAEAAAAVGltZQAAEgAYABQAAAATAAwAAAAIAAQAEgAAABQAAABEAAAASAAAAAAAAAREAAAAAQAAAAwAAAAIAAwACAAEAAgAAAAIAAAAEAAAAAYAAABsYWJlbHMAAAQAAABuYW1lAAAAAAAAAAAEAAQABAAAAAYAAABsYWJlbHMAACAJAABBUlJPVzE=
