ðŸŒŸ This was machine generated.  Do not edit. ðŸŒŸ

Frame[0] {
    "type": "timeseries-many",
    "custom": {
        "resultType": "matrix"
    },
    "executedQueryString": "Expr: \nStep: 1s"
}
Name: {handler="/api/v1/query_range", job="prometheus"}
Dimensions: 2 Fields by 3 Rows
+-------------------------------+-----------------------------------------------------+
| Name: Time                    | Name: Value                                         |
| Labels:                       | Labels: handler=/api/v1/query_range, job=prometheus |
| Type: []time.Time             | Type: []float64                                     |
+-------------------------------+-----------------------------------------------------+
| 2022-01-11 08:25:30 +0000 UTC | NaN                                                 |
| 2022-01-11 08:25:31 +0000 UTC | NaN                                                 |
| 2022-01-11 08:25:32 +0000 UTC | NaN                                                 |
+-------------------------------+-----------------------------------------------------+


====== TEST DATA RESPONSE (arrow base64) ======
FRAME=QVJST1cxAAD/////GAMAABAAAAAAAAoADgAMAAsABAAKAAAAFAAAAAAAAAEEAAoADAAAAAgABAAKAAAACAAAAAgBAAADAAAAfAAAACgAAAAEAAAAhP3//wgAAAAMAAAAAAAAAAAAAAAFAAAAcmVmSWQAAACk/f//CAAAADwAAAAxAAAAe2hhbmRsZXI9Ii9hcGkvdjEvcXVlcnlfcmFuZ2UiLCBqb2I9InByb21ldGhldXMifQAAAAQAAABuYW1lAAAAAPT9//8IAAAAcAAAAGQAAAB7InR5cGUiOiJ0aW1lc2VyaWVzLW1hbnkiLCJjdXN0b20iOnsicmVzdWx0VHlwZSI6Im1hdHJpeCJ9LCJleGVjdXRlZFF1ZXJ5U3RyaW5nIjoiRXhwcjogXG5TdGVwOiAxcyJ9AAAAAAQAAABtZXRhAAAAAAIAAAA8AQAABAAAAN7+//8UAAAABAEAAAQBAAAAAAADBAEAAAMAAACEAAAALAAAAAQAAACs/v//CAAAABAAAAAFAAAAVmFsdWUAAAAEAAAAbmFtZQAAAADQ/v//CAAAAEAAAAA0AAAAeyJoYW5kbGVyIjoiL2FwaS92MS9xdWVyeV9yYW5nZSIsImpvYiI6InByb21ldGhldXMifQAAAAAGAAAAbGFiZWxzAAAk////CAAAAFgAAABNAAAAeyJkaXNwbGF5TmFtZUZyb21EUyI6IntoYW5kbGVyPVwiL2FwaS92MS9xdWVyeV9yYW5nZVwiLCBqb2I9XCJwcm9tZXRoZXVzXCJ9In0AAAAGAAAAY29uZmlnAAAAAAAAVv///wAAAgAFAAAAVmFsdWUAEgAYABQAAAATAAwAAAAIAAQAEgAAABQAAAB4AAAAgAAAAAAAAAqAAAAAAgAAADQAAAAEAAAA3P///wgAAAAQAAAABAAAAFRpbWUAAAAABAAAAG5hbWUAAAAACAAMAAgABAAIAAAACAAAABwAAAARAAAAeyJpbnRlcnZhbCI6MTAwMH0AAAAGAAAAY29uZmlnAAAAAAAAAAAGAAgABgAGAAAAAAADAAQAAABUaW1lAAAAAP////+4AAAAFAAAAAAAAAAMABYAFAATAAwABAAMAAAAMAAAAAAAAAAUAAAAAAAAAwQACgAYAAwACAAEAAoAAAAUAAAAWAAAAAMAAAAAAAAAAAAAAAQAAAAAAAAAAAAAAAAAAAAAAAAAAAAAAAAAAAAYAAAAAAAAABgAAAAAAAAAAAAAAAAAAAAYAAAAAAAAABgAAAAAAAAAAAAAAAIAAAADAAAAAAAAAAAAAAAAAAAAAwAAAAAAAAAAAAAAAAAAAABEFRTUKckWAA6wT9QpyRYA2EqL1CnJFgEAAAAAAPh/AQAAAAAA+H8BAAAAAAD4fxAAAAAMABQAEgAMAAgABAAMAAAAEAAAACwAAAA8AAAAAAAEAAEAAAAoAwAAAAAAAMAAAAAAAAAAMAAAAAAAAAAAAAAAAAAAAAAAAAAAAAoADAAAAAgABAAKAAAACAAAAAgBAAADAAAAfAAAACgAAAAEAAAAhP3//wgAAAAMAAAAAAAAAAAAAAAFAAAAcmVmSWQAAACk/f//CAAAADwAAAAxAAAAe2hhbmRsZXI9Ii9hcGkvdjEvcXVlcnlfcmFuZ2UiLCBqb2I9InByb21ldGhldXMifQAAAAQAAABuYW1lAAAAAPT9//8IAAAAcAAAAGQAAAB7InR5cGUiOiJ0aW1lc2VyaWVzLW1hbnkiLCJjdXN0b20iOnsicmVzdWx0VHlwZSI6Im1hdHJpeCJ9LCJleGVjdXRlZFF1ZXJ5U3RyaW5nIjoiRXhwcjogXG5TdGVwOiAxcyJ9AAAAAAQAAABtZXRhAAAAAAIAAAA8AQAABAAAAN7+//8UAAAABAEAAAQBAAAAAAADBAEAAAMAAACEAAAALAAAAAQAAACs/v//CAAAABAAAAAFAAAAVmFsdWUAAAAEAAAAbmFtZQAAAADQ/v//CAAAAEAAAAA0AAAAeyJoYW5kbGVyIjoiL2FwaS92MS9xdWVyeV9yYW5nZSIsImpvYiI6InByb21ldGhldXMifQAAAAAGAAAAbGFiZWxzAAAk////CAAAAFgAAABNAAAAeyJkaXNwbGF5TmFtZUZyb21EUyI6IntoYW5kbGVyPVwiL2FwaS92MS9xdWVyeV9yYW5nZVwiLCBqb2I9XCJwcm9tZXRoZXVzXCJ9In0AAAAGAAAAY29uZmlnAAAAAAAAVv///wAAAgAFAAAAVmFsdWUAEgAYABQAAAATAAwAAAAIAAQAEgAAABQAAAB4AAAAgAAAAAAAAAqAAAAAAgAAADQAAAAEAAAA3P///wgAAAAQAAAABAAAAFRpbWUAAAAABAAAAG5hbWUAAAAACAAMAAgABAAIAAAACAAAABwAAAARAAAAeyJpbnRlcnZhbCI6MTAwMH0AAAAGAAAAY29uZmlnAAAAAAAAAAAGAAgABgAGAAAAAAADAAQAAABUaW1lAAAAAEgDAABBUlJPVzE=
