{
  "frames": [
    {
      "schema": {
        "name": "prometheus_http_requests_total{code=\"200\", handler=\"/api/v1/query_range\", job=\"prometheus\"}",
        "meta": {
          "custom": {
            "resultType": "matrix"
          },
          "executedQueryString": "Expr: \nStep: 1s"
        },
        "fields": [
          {
            "name": "Time",
            "type": "time",
            "typeInfo": {
              "frame": "time.Time"
            },
            "config": {
              "interval": 1000
            }
          },
          {
            "name": "Value",
            "type": "number",
            "typeInfo": {
              "frame": "float64",
              "nullable": true
            },
            "labels": {
              "__name__": "prometheus_http_requests_total",
              "code": "200",
              "handler": "/api/v1/query_range",
              "job": "prometheus"
            },
            "config": {
              "displayNameFromDS": "prometheus_http_requests_total{code=\"200\", handler=\"/api/v1/query_range\", job=\"prometheus\"}"
            }
          }
        ]
      },
      "data": {
        "values": [
          [
            1641889530123,
            1641889531123,
            1641889532123
          ],
          [
            21,
            32,
            43
          ]
        ]
      }
    },
    {
      "schema": {
        "name": "prometheus_http_requests_total{code=\"400\", handler=\"/api/v1/query_range\", job=\"prometheus\"}",
        "meta": {
          "custom": {
            "resultType": "matrix"
          },
          "executedQueryString": "Expr: \nStep: 1s"
        },
        "fields": [
          {
            "name": "Time",
            "type": "time",
            "typeInfo": {
              "frame": "time.Time"
            },
            "config": {
              "interval": 1000
            }
          },
          {
            "name": "Value",
            "type": "number",
            "typeInfo": {
              "frame": "float64",
              "nullable": true
            },
            "labels": {
              "__name__": "prometheus_http_requests_total",
              "code": "400",
              "handler": "/api/v1/query_range",
              "job": "prometheus"
            },
            "config": {
              "displayNameFromDS": "prometheus_http_requests_total{code=\"400\", handler=\"/api/v1/query_range\", job=\"prometheus\"}"
            }
          }
        ]
      },
      "data": {
        "values": [
          [
            1641889530123,
            1641889531123,
            1641889532123
          ],
          [
            54,
            65,
            76
          ]
        ]
      }
    }
  ]
}