ðŸŒŸ This was machine generated.  Do not edit. ðŸŒŸ

Frame[0] {
    "type": "timeseries-many",
    "custom": {
        "resultType": "matrix"
    },
    "executedQueryString": "Expr: \nStep: 1s"
}
Name: prometheus_http_requests_total{code="200", handler="/api/v1/query_range", job="prometheus"}
Dimensions: 2 Fields by 3 Rows
+-----------------------------------+--------------------------------------------------------------------------------------------------------+
| Name: Time                        | Name: Value                                                                                            |
| Labels:                           | Labels: __name__=prometheus_http_requests_total, code=200, handler=/api/v1/query_range, job=prometheus |
| Type: []time.Time                 | Type: []float64                                                                                        |
+-----------------------------------+--------------------------------------------------------------------------------------------------------+
| 2022-01-11 08:25:30.123 +0000 UTC | 21                                                                                                     |
| 2022-01-11 08:25:31.123 +0000 UTC | 32                                                                                                     |
| 2022-01-11 08:25:32.123 +0000 UTC | 43                                                                                                     |
+-----------------------------------+--------------------------------------------------------------------------------------------------------+



Frame[1] {
    "type": "timeseries-many",
    "custom": {
        "resultType": "matrix"
    },
    "executedQueryString": "Expr: \nStep: 1s"
}
Name: prometheus_http_requests_total{code="400", handler="/api/v1/query_range", job="prometheus"}
Dimensions: 2 Fields by 2 Rows
+-----------------------------------+--------------------------------------------------------------------------------------------------------+
| Name: Time                        | Name: Value                                                                                            |
| Labels:                           | Labels: __name__=prometheus_http_requests_total, code=400, handler=/api/v1/query_range, job=prometheus |
| Type: []time.Time                 | Type: []float64                                                                                        |
+-----------------------------------+--------------------------------------------------------------------------------------------------------+
| 2022-01-11 08:25:30.123 +0000 UTC | 54                                                                                                     |
| 2022-01-11 08:25:32.123 +0000 UTC | 76                                                                                                     |
+-----------------------------------+--------------------------------------------------------------------------------------------------------+


====== TEST DATA RESPONSE (arrow base64) ======
FRAME=QVJST1cxAAD/////qAMAABAAAAAAAAoADgAMAAsABAAKAAAAFAAAAAAAAAEEAAoADAAAAAgABAAKAAAACAAAADABAAADAAAApAAAACgAAAAEAAAA+Pz//wgAAAAMAAAAAAAAAAAAAAAFAAAAcmVmSWQAAAAY/f//CAAAAGQAAABbAAAAcHJvbWV0aGV1c19odHRwX3JlcXVlc3RzX3RvdGFse2NvZGU9IjIwMCIsIGhhbmRsZXI9Ii9hcGkvdjEvcXVlcnlfcmFuZ2UiLCBqb2I9InByb21ldGhldXMifQAEAAAAbmFtZQAAAACQ/f//CAAAAHAAAABkAAAAeyJ0eXBlIjoidGltZXNlcmllcy1tYW55IiwiY3VzdG9tIjp7InJlc3VsdFR5cGUiOiJtYXRyaXgifSwiZXhlY3V0ZWRRdWVyeVN0cmluZyI6IkV4cHI6IFxuU3RlcDogMXMifQAAAAAEAAAAbWV0YQAAAAACAAAAoAEAAAQAAAB6/v//FAAAAGgBAABoAQAAAAAAA2gBAAADAAAAvAAAACwAAAAEAAAASP7//wgAAAAQAAAABQAAAFZhbHVlAAAABAAAAG5hbWUAAAAAbP7//wgAAAB4AAAAbQAAAHsiX19uYW1lX18iOiJwcm9tZXRoZXVzX2h0dHBfcmVxdWVzdHNfdG90YWwiLCJjb2RlIjoiMjAwIiwiaGFuZGxlciI6Ii9hcGkvdjEvcXVlcnlfcmFuZ2UiLCJqb2IiOiJwcm9tZXRoZXVzIn0AAAAGAAAAbGFiZWxzAAD4/v//CAAAAIQAAAB5AAAAeyJkaXNwbGF5TmFtZUZyb21EUyI6InByb21ldGhldXNfaHR0cF9yZXF1ZXN0c190b3RhbHtjb2RlPVwiMjAwXCIsIGhhbmRsZXI9XCIvYXBpL3YxL3F1ZXJ5X3JhbmdlXCIsIGpvYj1cInByb21ldGhldXNcIn0ifQAAAAYAAABjb25maWcAAAAAAABW////AAACAAUAAABWYWx1ZQASABgAFAAAABMADAAAAAgABAASAAAAFAAAAHgAAACAAAAAAAAACoAAAAACAAAANAAAAAQAAADc////CAAAABAAAAAEAAAAVGltZQAAAAAEAAAAbmFtZQAAAAAIAAwACAAEAAgAAAAIAAAAHAAAABEAAAB7ImludGVydmFsIjoxMDAwfQAAAAYAAABjb25maWcAAAAAAAAAAAYACAAGAAYAAAAAAAMABAAAAFRpbWUAAAAAAAAAAP////+4AAAAFAAAAAAAAAAMABYAFAATAAwABAAMAAAAMAAAAAAAAAAUAAAAAAAAAwQACgAYAAwACAAEAAoAAAAUAAAAWAAAAAMAAAAAAAAAAAAAAAQAAAAAAAAAAAAAAAAAAAAAAAAAAAAAAAAAAAAYAAAAAAAAABgAAAAAAAAAAAAAAAAAAAAYAAAAAAAAABgAAAAAAAAAAAAAAAIAAAADAAAAAAAAAAAAAAAAAAAAAwAAAAAAAAAAAAAAAAAAAMAYahvUKckWwOIEV9QpyRbArJ+S1CnJFgAAAAAAADVAAAAAAAAAQEAAAAAAAIBFQBAAAAAMABQAEgAMAAgABAAMAAAAEAAAACwAAAA4AAAAAAAEAAEAAAC4AwAAAAAAAMAAAAAAAAAAMAAAAAAAAAAAAAAAAAAAAAAACgAMAAAACAAEAAoAAAAIAAAAMAEAAAMAAACkAAAAKAAAAAQAAAD4/P//CAAAAAwAAAAAAAAAAAAAAAUAAAByZWZJZAAAABj9//8IAAAAZAAAAFsAAABwcm9tZXRoZXVzX2h0dHBfcmVxdWVzdHNfdG90YWx7Y29kZT0iMjAwIiwgaGFuZGxlcj0iL2FwaS92MS9xdWVyeV9yYW5nZSIsIGpvYj0icHJvbWV0aGV1cyJ9AAQAAABuYW1lAAAAAJD9//8IAAAAcAAAAGQAAAB7InR5cGUiOiJ0aW1lc2VyaWVzLW1hbnkiLCJjdXN0b20iOnsicmVzdWx0VHlwZSI6Im1hdHJpeCJ9LCJleGVjdXRlZFF1ZXJ5U3RyaW5nIjoiRXhwcjogXG5TdGVwOiAxcyJ9AAAAAAQAAABtZXRhAAAAAAIAAACgAQAABAAAAHr+//8UAAAAaAEAAGgBAAAAAAADaAEAAAMAAAC8AAAALAAAAAQAAABI/v//CAAAABAAAAAFAAAAVmFsdWUAAAAEAAAAbmFtZQAAAABs/v//CAAAAHgAAABtAAAAeyJfX25hbWVfXyI6InByb21ldGhldXNfaHR0cF9yZXF1ZXN0c190b3RhbCIsImNvZGUiOiIyMDAiLCJoYW5kbGVyIjoiL2FwaS92MS9xdWVyeV9yYW5nZSIsImpvYiI6InByb21ldGhldXMifQAAAAYAAABsYWJlbHMAAPj+//8IAAAAhAAAAHkAAAB7ImRpc3BsYXlOYW1lRnJvbURTIjoicHJvbWV0aGV1c19odHRwX3JlcXVlc3RzX3RvdGFse2NvZGU9XCIyMDBcIiwgaGFuZGxlcj1cIi9hcGkvdjEvcXVlcnlfcmFuZ2VcIiwgam9iPVwicHJvbWV0aGV1c1wifSJ9AAAABgAAAGNvbmZpZwAAAAAAAFb///8AAAIABQAAAFZhbHVlABIAGAAUAAAAEwAMAAAACAAEABIAAAAUAAAAeAAAAIAAAAAAAAAKgAAAAAIAAAA0AAAABAAAANz///8IAAAAEAAAAAQAAABUaW1lAAAAAAQAAABuYW1lAAAAAAgADAAIAAQACAAAAAgAAAAcAAAAEQAAAHsiaW50ZXJ2YWwiOjEwMDB9AAAABgAAAGNvbmZpZwAAAAAAAAAABgAIAAYABgAAAAAAAwAEAAAAVGltZQAAAADQAwAAQVJST1cx
FRAME=QVJST1cxAAD/////qAMAABAAAAAAAAoADgAMAAsABAAKAAAAFAAAAAAAAAEEAAoADAAAAAgABAAKAAAACAAAADABAAADAAAApAAAACgAAAAEAAAA+Pz//wgAAAAMAAAAAAAAAAAAAAAFAAAAcmVmSWQAAAAY/f//CAAAAGQAAABbAAAAcHJvbWV0aGV1c19odHRwX3JlcXVlc3RzX3RvdGFse2NvZGU9IjQwMCIsIGhhbmRsZXI9Ii9hcGkvdjEvcXVlcnlfcmFuZ2UiLCBqb2I9InByb21ldGhldXMifQAEAAAAbmFtZQAAAACQ/f//CAAAAHAAAABkAAAAeyJ0eXBlIjoidGltZXNlcmllcy1tYW55IiwiY3VzdG9tIjp7InJlc3VsdFR5cGUiOiJtYXRyaXgifSwiZXhlY3V0ZWRRdWVyeVN0cmluZyI6IkV4cHI6IFxuU3RlcDogMXMifQAAAAAEAAAAbWV0YQAAAAACAAAAoAEAAAQAAAB6/v//FAAAAGgBAABoAQAAAAAAA2gBAAADAAAAvAAAACwAAAAEAAAASP7//wgAAAAQAAAABQAAAFZhbHVlAAAABAAAAG5hbWUAAAAAbP7//wgAAAB4AAAAbQAAAHsiX19uYW1lX18iOiJwcm9tZXRoZXVzX2h0dHBfcmVxdWVzdHNfdG90YWwiLCJjb2RlIjoiNDAwIiwiaGFuZGxlciI6Ii9hcGkvdjEvcXVlcnlfcmFuZ2UiLCJqb2IiOiJwcm9tZXRoZXVzIn0AAAAGAAAAbGFiZWxzAAD4/v//CAAAAIQAAAB5AAAAeyJkaXNwbGF5TmFtZUZyb21EUyI6InByb21ldGhldXNfaHR0cF9yZXF1ZXN0c190b3RhbHtjb2RlPVwiNDAwXCIsIGhhbmRsZXI9XCIvYXBpL3YxL3F1ZXJ5X3JhbmdlXCIsIGpvYj1cInByb21ldGhldXNcIn0ifQAAAAYAAABjb25maWcAAAAAAABW////AAACAAUAAABWYWx1ZQASABgAFAAAABMADAAAAAgABAASAAAAFAAAAHgAAACAAAAAAAAACoAAAAACAAAANAAAAAQAAADc////CAAAABAAAAAEAAAAVGltZQAAAAAEAAAAbmFtZQAAAAAIAAwACAAEAAgAAAAIAAAAHAAAABEAAAB7ImludGVydmFsIjoxMDAwfQAAAAYAAABjb25maWcAAAAAAAAAAAYACAAGAAYAAAAAAAMABAAAAFRpbWUAAAAAAAAAAP////+4AAAAFAAAAAAAAAAMABYAFAATAAwABAAMAAAAIAAAAAAAAAAUAAAAAAAAAwQACgAYAAwACAAEAAoAAAAUAAAAWAAAAAIAAAAAAAAAAAAAAAQAAAAAAAAAAAAAAAAAAAAAAAAAAAAAAAAAAAAQAAAAAAAAABAAAAAAAAAAAAAAAAAAAAAQAAAAAAAAABAAAAAAAAAAAAAAAAIAAAACAAAAAAAAAAAAAAAAAAAAAgAAAAAAAAAAAAAAAAAAAMAYahvUKckWwKyfktQpyRYAAAAAAABLQAAAAAAAAFNAEAAAAAwAFAASAAwACAAEAAwAAAAQAAAALAAAADgAAAAAAAQAAQAAALgDAAAAAAAAwAAAAAAAAAAgAAAAAAAAAAAAAAAAAAAAAAAKAAwAAAAIAAQACgAAAAgAAAAwAQAAAwAAAKQAAAAoAAAABAAAAPj8//8IAAAADAAAAAAAAAAAAAAABQAAAHJlZklkAAAAGP3//wgAAABkAAAAWwAAAHByb21ldGhldXNfaHR0cF9yZXF1ZXN0c190b3RhbHtjb2RlPSI0MDAiLCBoYW5kbGVyPSIvYXBpL3YxL3F1ZXJ5X3JhbmdlIiwgam9iPSJwcm9tZXRoZXVzIn0ABAAAAG5hbWUAAAAAkP3//wgAAABwAAAAZAAAAHsidHlwZSI6InRpbWVzZXJpZXMtbWFueSIsImN1c3RvbSI6eyJyZXN1bHRUeXBlIjoibWF0cml4In0sImV4ZWN1dGVkUXVlcnlTdHJpbmciOiJFeHByOiBcblN0ZXA6IDFzIn0AAAAABAAAAG1ldGEAAAAAAgAAAKABAAAEAAAAev7//xQAAABoAQAAaAEAAAAAAANoAQAAAwAAALwAAAAsAAAABAAAAEj+//8IAAAAEAAAAAUAAABWYWx1ZQAAAAQAAABuYW1lAAAAAGz+//8IAAAAeAAAAG0AAAB7Il9fbmFtZV9fIjoicHJvbWV0aGV1c19odHRwX3JlcXVlc3RzX3RvdGFsIiwiY29kZSI6IjQwMCIsImhhbmRsZXIiOiIvYXBpL3YxL3F1ZXJ5X3JhbmdlIiwiam9iIjoicHJvbWV0aGV1cyJ9AAAABgAAAGxhYmVscwAA+P7//wgAAACEAAAAeQAAAHsiZGlzcGxheU5hbWVGcm9tRFMiOiJwcm9tZXRoZXVzX2h0dHBfcmVxdWVzdHNfdG90YWx7Y29kZT1cIjQwMFwiLCBoYW5kbGVyPVwiL2FwaS92MS9xdWVyeV9yYW5nZVwiLCBqb2I9XCJwcm9tZXRoZXVzXCJ9In0AAAAGAAAAY29uZmlnAAAAAAAAVv///wAAAgAFAAAAVmFsdWUAEgAYABQAAAATAAwAAAAIAAQAEgAAABQAAAB4AAAAgAAAAAAAAAqAAAAAAgAAADQAAAAEAAAA3P///wgAAAAQAAAABAAAAFRpbWUAAAAABAAAAG5hbWUAAAAACAAMAAgABAAIAAAACAAAABwAAAARAAAAeyJpbnRlcnZhbCI6MTAwMH0AAAAGAAAAY29uZmlnAAAAAAAAAAAGAAgABgAGAAAAAAADAAQAAABUaW1lAAAAANADAABBUlJPVzE=
