ðŸŒŸ This was machine generated.  Do not edit. ðŸŒŸ

Frame[0] {
    "type": "timeseries-wide",
    "custom": {
        "resultType": "matrix"
    },
    "executedQueryString": "Expr: \nStep: 1s"
}
Name: 
Dimensions: 2 Fields by 3 Rows
+-------------------------------+---------------------------------------------------------+
| Name: Time                    | Name: {handler="/api/v1/query_range", job="prometheus"} |
| Labels:                       | Labels: handler=/api/v1/query_range, job=prometheus     |
| Type: []time.Time             | Type: []*float64                                        |
+-------------------------------+---------------------------------------------------------+
| 2022-01-11 08:25:30 +0000 UTC | NaN                                                     |
| 2022-01-11 08:25:31 +0000 UTC | NaN                                                     |
| 2022-01-11 08:25:32 +0000 UTC | NaN                                                     |
+-------------------------------+---------------------------------------------------------+


====== TEST DATA RESPONSE (arrow base64) ======
FRAME=QVJST1cxAAD/////6AIAABAAAAAAAAoADgAMAAsABAAKAAAAFAAAAAAAAAEEAAoADAAAAAgABAAKAAAACAAAANgAAAADAAAATAAAACgAAAAEAAAAuP3//wgAAAAMAAAAAAAAAAAAAAAFAAAAcmVmSWQAAADY/f//CAAAAAwAAAAAAAAAAAAAAAQAAABuYW1lAAAAAPj9//8IAAAAcAAAAGQAAAB7InR5cGUiOiJ0aW1lc2VyaWVzLXdpZGUiLCJjdXN0b20iOnsicmVzdWx0VHlwZSI6Im1hdHJpeCJ9LCJleGVjdXRlZFF1ZXJ5U3RyaW5nIjoiRXhwcjogXG5TdGVwOiAxcyJ9AAAAAAQAAABtZXRhAAAAAAIAAAA4AQAAGAAAAAAAEgAYABQAEwASAAwAAAAIAAQAEgAAABQAAADAAAAAwAAAAAAAAwHAAAAAAgAAAFgAAAAEAAAAwP7//wgAAAA8AAAAMQAAAHtoYW5kbGVyPSIvYXBpL3YxL3F1ZXJ5X3JhbmdlIiwgam9iPSJwcm9tZXRoZXVzIn0AAAAEAAAAbmFtZQAAAAAQ////CAAAAEAAAAA0AAAAeyJoYW5kbGVyIjoiL2FwaS92MS9xdWVyeV9yYW5nZSIsImpvYiI6InByb21ldGhldXMifQAAAAAGAAAAbGFiZWxzAAAAAAAAKv///wAAAgAxAAAAe2hhbmRsZXI9Ii9hcGkvdjEvcXVlcnlfcmFuZ2UiLCBqb2I9InByb21ldGhldXMifQASABgAFAAAABMADAAAAAgABAASAAAAFAAAAHgAAACAAAAAAAAACoAAAAACAAAANAAAAAQAAADc////CAAAABAAAAAEAAAAVGltZQAAAAAEAAAAbmFtZQAAAAAIAAwACAAEAAgAAAAIAAAAHAAAABEAAAB7ImludGVydmFsIjoxMDAwfQAAAAYAAABjb25maWcAAAAAAAAAAAYACAAGAAYAAAAAAAMABAAAAFRpbWUAAAAAAAAAAP////+4AAAAFAAAAAAAAAAMABYAFAATAAwABAAMAAAAMAAAAAAAAAAUAAAAAAAAAwQACgAYAAwACAAEAAoAAAAUAAAAWAAAAAMAAAAAAAAAAAAAAAQAAAAAAAAAAAAAAAAAAAAAAAAAAAAAAAAAAAAYAAAAAAAAABgAAAAAAAAAAAAAAAAAAAAYAAAAAAAAABgAAAAAAAAAAAAAAAIAAAADAAAAAAAAAAAAAAAAAAAAAwAAAAAAAAAAAAAAAAAAAABEFRTUKckWAA6wT9QpyRYA2EqL1CnJFgEAAAAAAPh/AQAAAAAA+H8BAAAAAAD4fxAAAAAMABQAEgAMAAgABAAMAAAAEAAAACwAAAA4AAAAAAAEAAEAAAD4AgAAAAAAAMAAAAAAAAAAMAAAAAAAAAAAAAAAAAAAAAAACgAMAAAACAAEAAoAAAAIAAAA2AAAAAMAAABMAAAAKAAAAAQAAAC4/f//CAAAAAwAAAAAAAAAAAAAAAUAAAByZWZJZAAAANj9//8IAAAADAAAAAAAAAAAAAAABAAAAG5hbWUAAAAA+P3//wgAAABwAAAAZAAAAHsidHlwZSI6InRpbWVzZXJpZXMtd2lkZSIsImN1c3RvbSI6eyJyZXN1bHRUeXBlIjoibWF0cml4In0sImV4ZWN1dGVkUXVlcnlTdHJpbmciOiJFeHByOiBcblN0ZXA6IDFzIn0AAAAABAAAAG1ldGEAAAAAAgAAADgBAAAYAAAAAAASABgAFAATABIADAAAAAgABAASAAAAFAAAAMAAAADAAAAAAAADAcAAAAACAAAAWAAAAAQAAADA/v//CAAAADwAAAAxAAAAe2hhbmRsZXI9Ii9hcGkvdjEvcXVlcnlfcmFuZ2UiLCBqb2I9InByb21ldGhldXMifQAAAAQAAABuYW1lAAAAABD///8IAAAAQAAAADQAAAB7ImhhbmRsZXIiOiIvYXBpL3YxL3F1ZXJ5X3JhbmdlIiwiam9iIjoicHJvbWV0aGV1cyJ9AAAAAAYAAABsYWJlbHMAAAAAAAAq////AAACADEAAAB7aGFuZGxlcj0iL2FwaS92MS9xdWVyeV9yYW5nZSIsIGpvYj0icHJvbWV0aGV1cyJ9ABIAGAAUAAAAEwAMAAAACAAEABIAAAAUAAAAeAAAAIAAAAAAAAAKgAAAAAIAAAA0AAAABAAAANz///8IAAAAEAAAAAQAAABUaW1lAAAAAAQAAABuYW1lAAAAAAgADAAIAAQACAAAAAgAAAAcAAAAEQAAAHsiaW50ZXJ2YWwiOjEwMDB9AAAABgAAAGNvbmZpZwAAAAAAAAAABgAIAAYABgAAAAAAAwAEAAAAVGltZQAAAAAQAwAAQVJST1cx
