ðŸŒŸ This was machine generated.  Do not edit. ðŸŒŸ

Frame[0] {
    "type": "timeseries-wide",
    "custom": {
        "resultType": "matrix"
    },
    "executedQueryString": "Expr: \nStep: 1s"
}
Name: 
Dimensions: 3 Fields by 3 Rows
+-----------------------------------+--------------------------------------------------------------------------------------------------------+--------------------------------------------------------------------------------------------------------+
| Name: Time                        | Name: prometheus_http_requests_total{code="200", handler="/api/v1/query_range", job="prometheus"}      | Name: prometheus_http_requests_total{code="400", handler="/api/v1/query_range", job="prometheus"}      |
| Labels:                           | Labels: __name__=prometheus_http_requests_total, code=200, handler=/api/v1/query_range, job=prometheus | Labels: __name__=prometheus_http_requests_total, code=400, handler=/api/v1/query_range, job=prometheus |
| Type: []time.Time                 | Type: []*float64                                                                                       | Type: []*float64                                                                                       |
+-----------------------------------+--------------------------------------------------------------------------------------------------------+--------------------------------------------------------------------------------------------------------+
| 2022-01-11 08:25:30.123 +0000 UTC | 21                                                                                                     | 54                                                                                                     |
| 2022-01-11 08:25:31.123 +0000 UTC | 32                                                                                                     | null                                                                                                   |
| 2022-01-11 08:25:32.123 +0000 UTC | 43                                                                                                     | 76                                                                                                     |
+-----------------------------------+--------------------------------------------------------------------------------------------------------+--------------------------------------------------------------------------------------------------------+


====== TEST DATA RESPONSE (arrow base64) ======
FRAME=QVJST1cxAAD/////CAUAABAAAAAAAAoADgAMAAsABAAKAAAAFAAAAAAAAAEEAAoADAAAAAgABAAKAAAACAAAANgAAAADAAAATAAAACgAAAAEAAAAlPv//wgAAAAMAAAAAAAAAAAAAAAFAAAAcmVmSWQAAAC0+///CAAAAAwAAAAAAAAAAAAAAAQAAABuYW1lAAAAANT7//8IAAAAcAAAAGQAAAB7InR5cGUiOiJ0aW1lc2VyaWVzLXdpZGUiLCJjdXN0b20iOnsicmVzdWx0VHlwZSI6Im1hdHJpeCJ9LCJleGVjdXRlZFF1ZXJ5U3RyaW5nIjoiRXhwcjogXG5TdGVwOiAxcyJ9AAAAAAQAAABtZXRhAAAAAAMAAABcAwAAsAEAAAQAAABq/v//FAAAACABAAAgAQAAAAADASABAAACAAAAgAAAAAQAAACM/P//CAAAAGQAAABbAAAAcHJvbWV0aGV1c19odHRwX3JlcXVlc3RzX3RvdGFse2NvZGU9IjQwMCIsIGhhbmRsZXI9Ii9hcGkvdjEvcXVlcnlfcmFuZ2UiLCBqb2I9InByb21ldGhldXMifQAEAAAAbmFtZQAAAAAE/f//CAAAAHgAAABtAAAAeyJfX25hbWVfXyI6InByb21ldGhldXNfaHR0cF9yZXF1ZXN0c190b3RhbCIsImNvZGUiOiI0MDAiLCJoYW5kbGVyIjoiL2FwaS92MS9xdWVyeV9yYW5nZSIsImpvYiI6InByb21ldGhldXMifQAAAAYAAABsYWJlbHMAAAAAAABW/f//AAACAFsAAABwcm9tZXRoZXVzX2h0dHBfcmVxdWVzdHNfdG90YWx7Y29kZT0iNDAwIiwgaGFuZGxlcj0iL2FwaS92MS9xdWVyeV9yYW5nZSIsIGpvYj0icHJvbWV0aGV1cyJ9AAAAEgAYABQAEwASAAwAAAAIAAQAEgAAABQAAAAgAQAAIAEAAAAAAwEgAQAAAgAAAIAAAAAEAAAANP7//wgAAABkAAAAWwAAAHByb21ldGhldXNfaHR0cF9yZXF1ZXN0c190b3RhbHtjb2RlPSIyMDAiLCBoYW5kbGVyPSIvYXBpL3YxL3F1ZXJ5X3JhbmdlIiwgam9iPSJwcm9tZXRoZXVzIn0ABAAAAG5hbWUAAAAArP7//wgAAAB4AAAAbQAAAHsiX19uYW1lX18iOiJwcm9tZXRoZXVzX2h0dHBfcmVxdWVzdHNfdG90YWwiLCJjb2RlIjoiMjAwIiwiaGFuZGxlciI6Ii9hcGkvdjEvcXVlcnlfcmFuZ2UiLCJqb2IiOiJwcm9tZXRoZXVzIn0AAAAGAAAAbGFiZWxzAAAAAAAA/v7//wAAAgBbAAAAcHJvbWV0aGV1c19odHRwX3JlcXVlc3RzX3RvdGFse2NvZGU9IjIwMCIsIGhhbmRsZXI9Ii9hcGkvdjEvcXVlcnlfcmFuZ2UiLCBqb2I9InByb21ldGhldXMifQAAABIAGAAUAAAAEwAMAAAACAAEABIAAAAUAAAAeAAAAIAAAAAAAAAKgAAAAAIAAAA0AAAABAAAANz///8IAAAAEAAAAAQAAABUaW1lAAAAAAQAAABuYW1lAAAAAAgADAAIAAQACAAAAAgAAAAcAAAAEQAAAHsiaW50ZXJ2YWwiOjEwMDB9AAAABgAAAGNvbmZpZwAAAAAAAAAABgAIAAYABgAAAAAAAwAEAAAAVGltZQAAAAD/////6AAAABQAAAAAAAAADAAWABQAEwAMAAQADAAAAFAAAAAAAAAAFAAAAAAAAAMEAAoAGAAMAAgABAAKAAAAFAAAAHgAAAADAAAAAAAAAAAAAAAGAAAAAAAAAAAAAAAAAAAAAAAAAAAAAAAAAAAAGAAAAAAAAAAYAAAAAAAAAAAAAAAAAAAAGAAAAAAAAAAYAAAAAAAAADAAAAAAAAAABAAAAAAAAAA4AAAAAAAAABgAAAAAAAAAAAAAAAMAAAADAAAAAAAAAAAAAAAAAAAAAwAAAAAAAAAAAAAAAAAAAAMAAAAAAAAAAQAAAAAAAADAGGob1CnJFsDiBFfUKckWwKyfktQpyRYAAAAAAAA1QAAAAAAAAEBAAAAAAACARUAFAAAAAAAAAAAAAAAAAEtAAAAAAAAAAAAAAAAAAABTQBAAAAAMABQAEgAMAAgABAAMAAAAEAAAACwAAAA8AAAAAAAEAAEAAAAYBQAAAAAAAPAAAAAAAAAAUAAAAAAAAAAAAAAAAAAAAAAAAAAAAAoADAAAAAgABAAKAAAACAAAANgAAAADAAAATAAAACgAAAAEAAAAlPv//wgAAAAMAAAAAAAAAAAAAAAFAAAAcmVmSWQAAAC0+///CAAAAAwAAAAAAAAAAAAAAAQAAABuYW1lAAAAANT7//8IAAAAcAAAAGQAAAB7InR5cGUiOiJ0aW1lc2VyaWVzLXdpZGUiLCJjdXN0b20iOnsicmVzdWx0VHlwZSI6Im1hdHJpeCJ9LCJleGVjdXRlZFF1ZXJ5U3RyaW5nIjoiRXhwcjogXG5TdGVwOiAxcyJ9AAAAAAQAAABtZXRhAAAAAAMAAABcAwAAsAEAAAQAAABq/v//FAAAACABAAAgAQAAAAADASABAAACAAAAgAAAAAQAAACM/P//CAAAAGQAAABbAAAAcHJvbWV0aGV1c19odHRwX3JlcXVlc3RzX3RvdGFse2NvZGU9IjQwMCIsIGhhbmRsZXI9Ii9hcGkvdjEvcXVlcnlfcmFuZ2UiLCBqb2I9InByb21ldGhldXMifQAEAAAAbmFtZQAAAAAE/f//CAAAAHgAAABtAAAAeyJfX25hbWVfXyI6InByb21ldGhldXNfaHR0cF9yZXF1ZXN0c190b3RhbCIsImNvZGUiOiI0MDAiLCJoYW5kbGVyIjoiL2FwaS92MS9xdWVyeV9yYW5nZSIsImpvYiI6InByb21ldGhldXMifQAAAAYAAABsYWJlbHMAAAAAAABW/f//AAACAFsAAABwcm9tZXRoZXVzX2h0dHBfcmVxdWVzdHNfdG90YWx7Y29kZT0iNDAwIiwgaGFuZGxlcj0iL2FwaS92MS9xdWVyeV9yYW5nZSIsIGpvYj0icHJvbWV0aGV1cyJ9AAAAEgAYABQAEwASAAwAAAAIAAQAEgAAABQAAAAgAQAAIAEAAAAAAwEgAQAAAgAAAIAAAAAEAAAANP7//wgAAABkAAAAWwAAAHByb21ldGhldXNfaHR0cF9yZXF1ZXN0c190b3RhbHtjb2RlPSIyMDAiLCBoYW5kbGVyPSIvYXBpL3YxL3F1ZXJ5X3JhbmdlIiwgam9iPSJwcm9tZXRoZXVzIn0ABAAAAG5hbWUAAAAArP7//wgAAAB4AAAAbQAAAHsiX19uYW1lX18iOiJwcm9tZXRoZXVzX2h0dHBfcmVxdWVzdHNfdG90YWwiLCJjb2RlIjoiMjAwIiwiaGFuZGxlciI6Ii9hcGkvdjEvcXVlcnlfcmFuZ2UiLCJqb2IiOiJwcm9tZXRoZXVzIn0AAAAGAAAAbGFiZWxzAAAAAAAA/v7//wAAAgBbAAAAcHJvbWV0aGV1c19odHRwX3JlcXVlc3RzX3RvdGFse2NvZGU9IjIwMCIsIGhhbmRsZXI9Ii9hcGkvdjEvcXVlcnlfcmFuZ2UiLCBqb2I9InByb21ldGhldXMifQAAABIAGAAUAAAAEwAMAAAACAAEABIAAAAUAAAAeAAAAIAAAAAAAAAKgAAAAAIAAAA0AAAABAAAANz///8IAAAAEAAAAAQAAABUaW1lAAAAAAQAAABuYW1lAAAAAAgADAAIAAQACAAAAAgAAAAcAAAAEQAAAHsiaW50ZXJ2YWwiOjEwMDB9AAAABgAAAGNvbmZpZwAAAAAAAAAABgAIAAYABgAAAAAAAwAEAAAAVGltZQAAAAA4BQAAQVJST1cx
