ðŸŒŸ This was machine generated.  Do not edit. ðŸŒŸ

Frame[0] {
    "type": "timeseries-many",
    "custom": {
        "resultType": "matrix"
    },
    "executedQueryString": "Expr: 1 / 0\nStep: 1s"
}
Name: 1 / 0
Dimensions: 2 Fields by 3 Rows
+-------------------------------+-----------------+
| Name: Time                    | Name: Value     |
| Labels:                       | Labels:         |
| Type: []time.Time             | Type: []float64 |
+-------------------------------+-----------------+
| 2022-01-11 08:25:30 +0000 UTC | +Inf            |
| 2022-01-11 08:25:31 +0000 UTC | +Inf            |
| 2022-01-11 08:25:32 +0000 UTC | +Inf            |
+-------------------------------+-----------------+


====== TEST DATA RESPONSE (arrow base64) ======
FRAME=QVJST1cxAAD/////kAIAABAAAAAAAAoADgAMAAsABAAKAAAAFAAAAAAAAAEEAAoADAAAAAgABAAKAAAACAAAAOAAAAADAAAAUAAAACgAAAAEAAAAEP7//wgAAAAMAAAAAAAAAAAAAAAFAAAAcmVmSWQAAAAw/v//CAAAABAAAAAFAAAAMSAvIDAAAAAEAAAAbmFtZQAAAABU/v//CAAAAHQAAABpAAAAeyJ0eXBlIjoidGltZXNlcmllcy1tYW55IiwiY3VzdG9tIjp7InJlc3VsdFR5cGUiOiJtYXRyaXgifSwiZXhlY3V0ZWRRdWVyeVN0cmluZyI6IkV4cHI6IDEgLyAwXG5TdGVwOiAxcyJ9AAAABAAAAG1ldGEAAAAAAgAAANgAAAAEAAAAQv///xQAAACgAAAAoAAAAAAAAAOgAAAAAwAAAFAAAAAsAAAABAAAABD///8IAAAAEAAAAAUAAABWYWx1ZQAAAAQAAABuYW1lAAAAADT///8IAAAADAAAAAIAAAB7fQAABgAAAGxhYmVscwAAVP///wgAAAAoAAAAHQAAAHsiZGlzcGxheU5hbWVGcm9tRFMiOiIxIC8gMCJ9AAAABgAAAGNvbmZpZwAAAAAAAFb///8AAAIABQAAAFZhbHVlABIAGAAUAAAAEwAMAAAACAAEABIAAAAUAAAAeAAAAIAAAAAAAAAKgAAAAAIAAAA0AAAABAAAANz///8IAAAAEAAAAAQAAABUaW1lAAAAAAQAAABuYW1lAAAAAAgADAAIAAQACAAAAAgAAAAcAAAAEQAAAHsiaW50ZXJ2YWwiOjEwMDB9AAAABgAAAGNvbmZpZwAAAAAAAAAABgAIAAYABgAAAAAAAwAEAAAAVGltZQAAAAAAAAAA/////7gAAAAUAAAAAAAAAAwAFgAUABMADAAEAAwAAAAwAAAAAAAAABQAAAAAAAADBAAKABgADAAIAAQACgAAABQAAABYAAAAAwAAAAAAAAAAAAAABAAAAAAAAAAAAAAAAAAAAAAAAAAAAAAAAAAAABgAAAAAAAAAGAAAAAAAAAAAAAAAAAAAABgAAAAAAAAAGAAAAAAAAAAAAAAAAgAAAAMAAAAAAAAAAAAAAAAAAAADAAAAAAAAAAAAAAAAAAAAAEQVFNQpyRYADrBP1CnJFgDYSovUKckWAAAAAAAA8H8AAAAAAADwfwAAAAAAAPB/EAAAAAwAFAASAAwACAAEAAwAAAAQAAAALAAAADgAAAAAAAQAAQAAAKACAAAAAAAAwAAAAAAAAAAwAAAAAAAAAAAAAAAAAAAAAAAKAAwAAAAIAAQACgAAAAgAAADgAAAAAwAAAFAAAAAoAAAABAAAABD+//8IAAAADAAAAAAAAAAAAAAABQAAAHJlZklkAAAAMP7//wgAAAAQAAAABQAAADEgLyAwAAAABAAAAG5hbWUAAAAAVP7//wgAAAB0AAAAaQAAAHsidHlwZSI6InRpbWVzZXJpZXMtbWFueSIsImN1c3RvbSI6eyJyZXN1bHRUeXBlIjoibWF0cml4In0sImV4ZWN1dGVkUXVlcnlTdHJpbmciOiJFeHByOiAxIC8gMFxuU3RlcDogMXMifQAAAAQAAABtZXRhAAAAAAIAAADYAAAABAAAAEL///8UAAAAoAAAAKAAAAAAAAADoAAAAAMAAABQAAAALAAAAAQAAAAQ////CAAAABAAAAAFAAAAVmFsdWUAAAAEAAAAbmFtZQAAAAA0////CAAAAAwAAAACAAAAe30AAAYAAABsYWJlbHMAAFT///8IAAAAKAAAAB0AAAB7ImRpc3BsYXlOYW1lRnJvbURTIjoiMSAvIDAifQAAAAYAAABjb25maWcAAAAAAABW////AAACAAUAAABWYWx1ZQASABgAFAAAABMADAAAAAgABAASAAAAFAAAAHgAAACAAAAAAAAACoAAAAACAAAANAAAAAQAAADc////CAAAABAAAAAEAAAAVGltZQAAAAAEAAAAbmFtZQAAAAAIAAwACAAEAAgAAAAIAAAAHAAAABEAAAB7ImludGVydmFsIjoxMDAwfQAAAAYAAABjb25maWcAAAAAAAAAAAYACAAGAAYAAAAAAAMABAAAAFRpbWUAAAAAuAIAAEFSUk9XMQ==
