ðŸŒŸ This was machine generated.  Do not edit. ðŸŒŸ

Frame[0] {
    "type": "timeseries-many",
    "custom": {
        "resultType": "matrix"
    },
    "executedQueryString": "Expr: 1 / 0\nStep: 1s"
}
Name: 1 / 0
Dimensions: 2 Fields by 3 Rows
+-------------------------------+------------------+
| Name: Time                    | Name: Value      |
| Labels:                       | Labels:          |
| Type: []time.Time             | Type: []*float64 |
+-------------------------------+------------------+
| 2022-01-11 08:25:30 +0000 UTC | +Inf             |
| 2022-01-11 08:25:31 +0000 UTC | +Inf             |
| 2022-01-11 08:25:32 +0000 UTC | +Inf             |
+-------------------------------+------------------+


====== TEST DATA RESPONSE (arrow base64) ======
FRAME=QVJST1cxAAD/////oAIAABAAAAAAAAoADgAMAAsABAAKAAAAFAAAAAAAAAEEAAoADAAAAAgABAAKAAAACAAAAOAAAAADAAAAUAAAACgAAAAEAAAA/P3//wgAAAAMAAAAAAAAAAAAAAAFAAAAcmVmSWQAAAAc/v//CAAAABAAAAAFAAAAMSAvIDAAAAAEAAAAbmFtZQAAAABA/v//CAAAAHQAAABpAAAAeyJ0eXBlIjoidGltZXNlcmllcy1tYW55IiwiY3VzdG9tIjp7InJlc3VsdFR5cGUiOiJtYXRyaXgifSwiZXhlY3V0ZWRRdWVyeVN0cmluZyI6IkV4cHI6IDEgLyAwXG5TdGVwOiAxcyJ9AAAABAAAAG1ldGEAAAAAAgAAAOwAAAAYAAAAAAASABgAFAATABIADAAAAAgABAASAAAAFAAAAKAAAACgAAAAAAADAaAAAAADAAAAUAAAACwAAAAEAAAAEP///wgAAAAQAAAABQAAAFZhbHVlAAAABAAAAG5hbWUAAAAANP///wgAAAAMAAAAAgAAAHt9AAAGAAAAbGFiZWxzAABU////CAAAACgAAAAdAAAAeyJkaXNwbGF5TmFtZUZyb21EUyI6IjEgLyAwIn0AAAAGAAAAY29uZmlnAAAAAAAAVv///wAAAgAFAAAAVmFsdWUAEgAYABQAAAATAAwAAAAIAAQAEgAAABQAAAB4AAAAgAAAAAAAAAqAAAAAAgAAADQAAAAEAAAA3P///wgAAAAQAAAABAAAAFRpbWUAAAAABAAAAG5hbWUAAAAACAAMAAgABAAIAAAACAAAABwAAAARAAAAeyJpbnRlcnZhbCI6MTAwMH0AAAAGAAAAY29uZmlnAAAAAAAAAAAGAAgABgAGAAAAAAADAAQAAABUaW1lAAAAAP////+4AAAAFAAAAAAAAAAMABYAFAATAAwABAAMAAAAMAAAAAAAAAAUAAAAAAAAAwQACgAYAAwACAAEAAoAAAAUAAAAWAAAAAMAAAAAAAAAAAAAAAQAAAAAAAAAAAAAAAAAAAAAAAAAAAAAAAAAAAAYAAAAAAAAABgAAAAAAAAAAAAAAAAAAAAYAAAAAAAAABgAAAAAAAAAAAAAAAIAAAADAAAAAAAAAAAAAAAAAAAAAwAAAAAAAAAAAAAAAAAAAABEFRTUKckWAA6wT9QpyRYA2EqL1CnJFgAAAAAAAPB/AAAAAAAA8H8AAAAAAADwfxAAAAAMABQAEgAMAAgABAAMAAAAEAAAACwAAAA8AAAAAAAEAAEAAACwAgAAAAAAAMAAAAAAAAAAMAAAAAAAAAAAAAAAAAAAAAAAAAAAAAoADAAAAAgABAAKAAAACAAAAOAAAAADAAAAUAAAACgAAAAEAAAA/P3//wgAAAAMAAAAAAAAAAAAAAAFAAAAcmVmSWQAAAAc/v//CAAAABAAAAAFAAAAMSAvIDAAAAAEAAAAbmFtZQAAAABA/v//CAAAAHQAAABpAAAAeyJ0eXBlIjoidGltZXNlcmllcy1tYW55IiwiY3VzdG9tIjp7InJlc3VsdFR5cGUiOiJtYXRyaXgifSwiZXhlY3V0ZWRRdWVyeVN0cmluZyI6IkV4cHI6IDEgLyAwXG5TdGVwOiAxcyJ9AAAABAAAAG1ldGEAAAAAAgAAAOwAAAAYAAAAAAASABgAFAATABIADAAAAAgABAASAAAAFAAAAKAAAACgAAAAAAADAaAAAAADAAAAUAAAACwAAAAEAAAAEP///wgAAAAQAAAABQAAAFZhbHVlAAAABAAAAG5hbWUAAAAANP///wgAAAAMAAAAAgAAAHt9AAAGAAAAbGFiZWxzAABU////CAAAACgAAAAdAAAAeyJkaXNwbGF5TmFtZUZyb21EUyI6IjEgLyAwIn0AAAAGAAAAY29uZmlnAAAAAAAAVv///wAAAgAFAAAAVmFsdWUAEgAYABQAAAATAAwAAAAIAAQAEgAAABQAAAB4AAAAgAAAAAAAAAqAAAAAAgAAADQAAAAEAAAA3P///wgAAAAQAAAABAAAAFRpbWUAAAAABAAAAG5hbWUAAAAACAAMAAgABAAIAAAACAAAABwAAAARAAAAeyJpbnRlcnZhbCI6MTAwMH0AAAAGAAAAY29uZmlnAAAAAAAAAAAGAAgABgAGAAAAAAADAAQAAABUaW1lAAAAANACAABBUlJPVzE=
