ðŸŒŸ This was machine generated.  Do not edit. ðŸŒŸ

Frame[0] {
    "type": "timeseries-many",
    "custom": {
        "resultType": "matrix"
    },
    "executedQueryString": "Expr: test1\nStep: 1s"
}
Name: go_goroutines{job="prometheus"}
Dimensions: 2 Fields by 3 Rows
+-------------------------------+------------------------------------------------+
| Name: Time                    | Name: Value                                    |
| Labels:                       | Labels: __name__=go_goroutines, job=prometheus |
| Type: []time.Time             | Type: []float64                                |
+-------------------------------+------------------------------------------------+
| 2022-01-11 08:25:33 +0000 UTC | 21                                             |
| 2022-01-11 08:25:34 +0000 UTC | 32                                             |
| 2022-01-11 08:25:37 +0000 UTC | 43                                             |
+-------------------------------+------------------------------------------------+


====== TEST DATA RESPONSE (arrow base64) ======
FRAME=QVJST1cxAAD/////8AIAABAAAAAAAAoADgAMAAsABAAKAAAAFAAAAAAAAAEEAAoADAAAAAgABAAKAAAACAAAAPgAAAADAAAAaAAAACgAAAAEAAAAsP3//wgAAAAMAAAAAAAAAAAAAAAFAAAAcmVmSWQAAADQ/f//CAAAACgAAAAfAAAAZ29fZ29yb3V0aW5lc3tqb2I9InByb21ldGhldXMifQAEAAAAbmFtZQAAAAAM/v//CAAAAHQAAABpAAAAeyJ0eXBlIjoidGltZXNlcmllcy1tYW55IiwiY3VzdG9tIjp7InJlc3VsdFR5cGUiOiJtYXRyaXgifSwiZXhlY3V0ZWRRdWVyeVN0cmluZyI6IkV4cHI6IHRlc3QxXG5TdGVwOiAxcyJ9AAAABAAAAG1ldGEAAAAAAgAAACABAAAEAAAA+v7//xQAAADoAAAA6AAAAAAAAAPoAAAAAwAAAHwAAAAsAAAABAAAAMj+//8IAAAAEAAAAAUAAABWYWx1ZQAAAAQAAABuYW1lAAAAAOz+//8IAAAAOAAAAC8AAAB7Il9fbmFtZV9fIjoiZ29fZ29yb3V0aW5lcyIsImpvYiI6InByb21ldGhldXMifQAGAAAAbGFiZWxzAAA4////CAAAAEQAAAA5AAAAeyJkaXNwbGF5TmFtZUZyb21EUyI6ImdvX2dvcm91dGluZXN7am9iPVwicHJvbWV0aGV1c1wifSJ9AAAABgAAAGNvbmZpZwAAAAAAAFb///8AAAIABQAAAFZhbHVlABIAGAAUAAAAEwAMAAAACAAEABIAAAAUAAAAeAAAAIAAAAAAAAAKgAAAAAIAAAA0AAAABAAAANz///8IAAAAEAAAAAQAAABUaW1lAAAAAAQAAABuYW1lAAAAAAgADAAIAAQACAAAAAgAAAAcAAAAEQAAAHsiaW50ZXJ2YWwiOjEwMDB9AAAABgAAAGNvbmZpZwAAAAAAAAAABgAIAAYABgAAAAAAAwAEAAAAVGltZQAAAAAAAAAA/////7gAAAAUAAAAAAAAAAwAFgAUABMADAAEAAwAAAAwAAAAAAAAABQAAAAAAAADBAAKABgADAAIAAQACgAAABQAAABYAAAAAwAAAAAAAAAAAAAABAAAAAAAAAAAAAAAAAAAAAAAAAAAAAAAAAAAABgAAAAAAAAAGAAAAAAAAAAAAAAAAAAAABgAAAAAAAAAGAAAAAAAAAAAAAAAAgAAAAMAAAAAAAAAAAAAAAAAAAADAAAAAAAAAAAAAAAAAAAAAKLlxtQpyRYAbIAC1SnJFgDKULXVKckWAAAAAAAANUAAAAAAAABAQAAAAAAAgEVAEAAAAAwAFAASAAwACAAEAAwAAAAQAAAALAAAADgAAAAAAAQAAQAAAAADAAAAAAAAwAAAAAAAAAAwAAAAAAAAAAAAAAAAAAAAAAAKAAwAAAAIAAQACgAAAAgAAAD4AAAAAwAAAGgAAAAoAAAABAAAALD9//8IAAAADAAAAAAAAAAAAAAABQAAAHJlZklkAAAA0P3//wgAAAAoAAAAHwAAAGdvX2dvcm91dGluZXN7am9iPSJwcm9tZXRoZXVzIn0ABAAAAG5hbWUAAAAADP7//wgAAAB0AAAAaQAAAHsidHlwZSI6InRpbWVzZXJpZXMtbWFueSIsImN1c3RvbSI6eyJyZXN1bHRUeXBlIjoibWF0cml4In0sImV4ZWN1dGVkUXVlcnlTdHJpbmciOiJFeHByOiB0ZXN0MVxuU3RlcDogMXMifQAAAAQAAABtZXRhAAAAAAIAAAAgAQAABAAAAPr+//8UAAAA6AAAAOgAAAAAAAAD6AAAAAMAAAB8AAAALAAAAAQAAADI/v//CAAAABAAAAAFAAAAVmFsdWUAAAAEAAAAbmFtZQAAAADs/v//CAAAADgAAAAvAAAAeyJfX25hbWVfXyI6ImdvX2dvcm91dGluZXMiLCJqb2IiOiJwcm9tZXRoZXVzIn0ABgAAAGxhYmVscwAAOP///wgAAABEAAAAOQAAAHsiZGlzcGxheU5hbWVGcm9tRFMiOiJnb19nb3JvdXRpbmVze2pvYj1cInByb21ldGhldXNcIn0ifQAAAAYAAABjb25maWcAAAAAAABW////AAACAAUAAABWYWx1ZQASABgAFAAAABMADAAAAAgABAASAAAAFAAAAHgAAACAAAAAAAAACoAAAAACAAAANAAAAAQAAADc////CAAAABAAAAAEAAAAVGltZQAAAAAEAAAAbmFtZQAAAAAIAAwACAAEAAgAAAAIAAAAHAAAABEAAAB7ImludGVydmFsIjoxMDAwfQAAAAYAAABjb25maWcAAAAAAAAAAAYACAAGAAYAAAAAAAMABAAAAFRpbWUAAAAAGAMAAEFSUk9XMQ==
