ðŸŒŸ This was machine generated.  Do not edit. ðŸŒŸ

Frame[0] {
    "type": "timeseries-many",
    "custom": {
        "resultType": "matrix"
    },
    "executedQueryString": "Expr: test1\nStep: 1s"
}
Name: go_goroutines{job="prometheus"}
Dimensions: 2 Fields by 3 Rows
+-------------------------------+------------------------------------------------+
| Name: Time                    | Name: Value                                    |
| Labels:                       | Labels: __name__=go_goroutines, job=prometheus |
| Type: []time.Time             | Type: []*float64                               |
+-------------------------------+------------------------------------------------+
| 2022-01-11 08:25:33 +0000 UTC | 21                                             |
| 2022-01-11 08:25:34 +0000 UTC | 32                                             |
| 2022-01-11 08:25:37 +0000 UTC | 43                                             |
+-------------------------------+------------------------------------------------+


====== TEST DATA RESPONSE (arrow base64) ======
FRAME=QVJST1cxAAD/////AAMAABAAAAAAAAoADgAMAAsABAAKAAAAFAAAAAAAAAEEAAoADAAAAAgABAAKAAAACAAAAPgAAAADAAAAaAAAACgAAAAEAAAAnP3//wgAAAAMAAAAAAAAAAAAAAAFAAAAcmVmSWQAAAC8/f//CAAAACgAAAAfAAAAZ29fZ29yb3V0aW5lc3tqb2I9InByb21ldGhldXMifQAEAAAAbmFtZQAAAAD4/f//CAAAAHQAAABpAAAAeyJ0eXBlIjoidGltZXNlcmllcy1tYW55IiwiY3VzdG9tIjp7InJlc3VsdFR5cGUiOiJtYXRyaXgifSwiZXhlY3V0ZWRRdWVyeVN0cmluZyI6IkV4cHI6IHRlc3QxXG5TdGVwOiAxcyJ9AAAABAAAAG1ldGEAAAAAAgAAADQBAAAYAAAAAAASABgAFAATABIADAAAAAgABAASAAAAFAAAAOgAAADoAAAAAAADAegAAAADAAAAfAAAACwAAAAEAAAAyP7//wgAAAAQAAAABQAAAFZhbHVlAAAABAAAAG5hbWUAAAAA7P7//wgAAAA4AAAALwAAAHsiX19uYW1lX18iOiJnb19nb3JvdXRpbmVzIiwiam9iIjoicHJvbWV0aGV1cyJ9AAYAAABsYWJlbHMAADj///8IAAAARAAAADkAAAB7ImRpc3BsYXlOYW1lRnJvbURTIjoiZ29fZ29yb3V0aW5lc3tqb2I9XCJwcm9tZXRoZXVzXCJ9In0AAAAGAAAAY29uZmlnAAAAAAAAVv///wAAAgAFAAAAVmFsdWUAEgAYABQAAAATAAwAAAAIAAQAEgAAABQAAAB4AAAAgAAAAAAAAAqAAAAAAgAAADQAAAAEAAAA3P///wgAAAAQAAAABAAAAFRpbWUAAAAABAAAAG5hbWUAAAAACAAMAAgABAAIAAAACAAAABwAAAARAAAAeyJpbnRlcnZhbCI6MTAwMH0AAAAGAAAAY29uZmlnAAAAAAAAAAAGAAgABgAGAAAAAAADAAQAAABUaW1lAAAAAP////+4AAAAFAAAAAAAAAAMABYAFAATAAwABAAMAAAAMAAAAAAAAAAUAAAAAAAAAwQACgAYAAwACAAEAAoAAAAUAAAAWAAAAAMAAAAAAAAAAAAAAAQAAAAAAAAAAAAAAAAAAAAAAAAAAAAAAAAAAAAYAAAAAAAAABgAAAAAAAAAAAAAAAAAAAAYAAAAAAAAABgAAAAAAAAAAAAAAAIAAAADAAAAAAAAAAAAAAAAAAAAAwAAAAAAAAAAAAAAAAAAAACi5cbUKckWAGyAAtUpyRYAylC11SnJFgAAAAAAADVAAAAAAAAAQEAAAAAAAIBFQBAAAAAMABQAEgAMAAgABAAMAAAAEAAAACwAAAA8AAAAAAAEAAEAAAAQAwAAAAAAAMAAAAAAAAAAMAAAAAAAAAAAAAAAAAAAAAAAAAAAAAoADAAAAAgABAAKAAAACAAAAPgAAAADAAAAaAAAACgAAAAEAAAAnP3//wgAAAAMAAAAAAAAAAAAAAAFAAAAcmVmSWQAAAC8/f//CAAAACgAAAAfAAAAZ29fZ29yb3V0aW5lc3tqb2I9InByb21ldGhldXMifQAEAAAAbmFtZQAAAAD4/f//CAAAAHQAAABpAAAAeyJ0eXBlIjoidGltZXNlcmllcy1tYW55IiwiY3VzdG9tIjp7InJlc3VsdFR5cGUiOiJtYXRyaXgifSwiZXhlY3V0ZWRRdWVyeVN0cmluZyI6IkV4cHI6IHRlc3QxXG5TdGVwOiAxcyJ9AAAABAAAAG1ldGEAAAAAAgAAADQBAAAYAAAAAAASABgAFAATABIADAAAAAgABAASAAAAFAAAAOgAAADoAAAAAAADAegAAAADAAAAfAAAACwAAAAEAAAAyP7//wgAAAAQAAAABQAAAFZhbHVlAAAABAAAAG5hbWUAAAAA7P7//wgAAAA4AAAALwAAAHsiX19uYW1lX18iOiJnb19nb3JvdXRpbmVzIiwiam9iIjoicHJvbWV0aGV1cyJ9AAYAAABsYWJlbHMAADj///8IAAAARAAAADkAAAB7ImRpc3BsYXlOYW1lRnJvbURTIjoiZ29fZ29yb3V0aW5lc3tqb2I9XCJwcm9tZXRoZXVzXCJ9In0AAAAGAAAAY29uZmlnAAAAAAAAVv///wAAAgAFAAAAVmFsdWUAEgAYABQAAAATAAwAAAAIAAQAEgAAABQAAAB4AAAAgAAAAAAAAAqAAAAAAgAAADQAAAAEAAAA3P///wgAAAAQAAAABAAAAFRpbWUAAAAABAAAAG5hbWUAAAAACAAMAAgABAAIAAAACAAAABwAAAARAAAAeyJpbnRlcnZhbCI6MTAwMH0AAAAGAAAAY29uZmlnAAAAAAAAAAAGAAgABgAGAAAAAAADAAQAAABUaW1lAAAAADADAABBUlJPVzE=
