ðŸŒŸ This was machine generated.  Do not edit. ðŸŒŸ

Frame[0] {
    "type": "timeseries-many",
    "custom": {
        "resultType": "matrix"
    },
    "executedQueryString": "Expr: \nStep: 1s"
}
Name: {handler="/api/v1/query_range", job="prometheus"}
Dimensions: 2 Fields by 3 Rows
+-------------------------------+-----------------------------------------------------+
| Name: Time                    | Name: Value                                         |
| Labels:                       | Labels: handler=/api/v1/query_range, job=prometheus |
| Type: []time.Time             | Type: []*float64                                    |
+-------------------------------+-----------------------------------------------------+
| 2022-01-11 08:25:30 +0000 UTC | null                                                |
| 2022-01-11 08:25:31 +0000 UTC | null                                                |
| 2022-01-11 08:25:32 +0000 UTC | null                                                |
+-------------------------------+-----------------------------------------------------+


====== TEST DATA RESPONSE (arrow base64) ======
FRAME=QVJST1cxAAD/////MAMAABAAAAAAAAoADgAMAAsABAAKAAAAFAAAAAAAAAEEAAoADAAAAAgABAAKAAAACAAAAAgBAAADAAAAfAAAACgAAAAEAAAAcP3//wgAAAAMAAAAAAAAAAAAAAAFAAAAcmVmSWQAAACQ/f//CAAAADwAAAAxAAAAe2hhbmRsZXI9Ii9hcGkvdjEvcXVlcnlfcmFuZ2UiLCBqb2I9InByb21ldGhldXMifQAAAAQAAABuYW1lAAAAAOD9//8IAAAAcAAAAGQAAAB7InR5cGUiOiJ0aW1lc2VyaWVzLW1hbnkiLCJjdXN0b20iOnsicmVzdWx0VHlwZSI6Im1hdHJpeCJ9LCJleGVjdXRlZFF1ZXJ5U3RyaW5nIjoiRXhwcjogXG5TdGVwOiAxcyJ9AAAAAAQAAABtZXRhAAAAAAIAAABQAQAAGAAAAAAAEgAYABQAEwASAAwAAAAIAAQAEgAAABQAAAAEAQAABAEAAAAAAwEEAQAAAwAAAIQAAAAsAAAABAAAAKz+//8IAAAAEAAAAAUAAABWYWx1ZQAAAAQAAABuYW1lAAAAAND+//8IAAAAQAAAADQAAAB7ImhhbmRsZXIiOiIvYXBpL3YxL3F1ZXJ5X3JhbmdlIiwiam9iIjoicHJvbWV0aGV1cyJ9AAAAAAYAAABsYWJlbHMAACT///8IAAAAWAAAAE0AAAB7ImRpc3BsYXlOYW1lRnJvbURTIjoie2hhbmRsZXI9XCIvYXBpL3YxL3F1ZXJ5X3JhbmdlXCIsIGpvYj1cInByb21ldGhldXNcIn0ifQAAAAYAAABjb25maWcAAAAAAABW////AAACAAUAAABWYWx1ZQASABgAFAAAABMADAAAAAgABAASAAAAFAAAAHgAAACAAAAAAAAACoAAAAACAAAANAAAAAQAAADc////CAAAABAAAAAEAAAAVGltZQAAAAAEAAAAbmFtZQAAAAAIAAwACAAEAAgAAAAIAAAAHAAAABEAAAB7ImludGVydmFsIjoxMDAwfQAAAAYAAABjb25maWcAAAAAAAAAAAYACAAGAAYAAAAAAAMABAAAAFRpbWUAAAAAAAAAAP////+4AAAAFAAAAAAAAAAMABYAFAATAAwABAAMAAAAOAAAAAAAAAAUAAAAAAAAAwQACgAYAAwACAAEAAoAAAAUAAAAWAAAAAMAAAAAAAAAAAAAAAQAAAAAAAAAAAAAAAAAAAAAAAAAAAAAAAAAAAAYAAAAAAAAABgAAAAAAAAABAAAAAAAAAAgAAAAAAAAABgAAAAAAAAAAAAAAAIAAAADAAAAAAAAAAAAAAAAAAAAAwAAAAAAAAADAAAAAAAAAABEFRTUKckWAA6wT9QpyRYA2EqL1CnJFgAAAAAAAAAAAAAAAAAAAAAAAAAAAAAAAAAAAAAAAAAAEAAAAAwAFAASAAwACAAEAAwAAAAQAAAALAAAADgAAAAAAAQAAQAAAEADAAAAAAAAwAAAAAAAAAA4AAAAAAAAAAAAAAAAAAAAAAAKAAwAAAAIAAQACgAAAAgAAAAIAQAAAwAAAHwAAAAoAAAABAAAAHD9//8IAAAADAAAAAAAAAAAAAAABQAAAHJlZklkAAAAkP3//wgAAAA8AAAAMQAAAHtoYW5kbGVyPSIvYXBpL3YxL3F1ZXJ5X3JhbmdlIiwgam9iPSJwcm9tZXRoZXVzIn0AAAAEAAAAbmFtZQAAAADg/f//CAAAAHAAAABkAAAAeyJ0eXBlIjoidGltZXNlcmllcy1tYW55IiwiY3VzdG9tIjp7InJlc3VsdFR5cGUiOiJtYXRyaXgifSwiZXhlY3V0ZWRRdWVyeVN0cmluZyI6IkV4cHI6IFxuU3RlcDogMXMifQAAAAAEAAAAbWV0YQAAAAACAAAAUAEAABgAAAAAABIAGAAUABMAEgAMAAAACAAEABIAAAAUAAAABAEAAAQBAAAAAAMBBAEAAAMAAACEAAAALAAAAAQAAACs/v//CAAAABAAAAAFAAAAVmFsdWUAAAAEAAAAbmFtZQAAAADQ/v//CAAAAEAAAAA0AAAAeyJoYW5kbGVyIjoiL2FwaS92MS9xdWVyeV9yYW5nZSIsImpvYiI6InByb21ldGhldXMifQAAAAAGAAAAbGFiZWxzAAAk////CAAAAFgAAABNAAAAeyJkaXNwbGF5TmFtZUZyb21EUyI6IntoYW5kbGVyPVwiL2FwaS92MS9xdWVyeV9yYW5nZVwiLCBqb2I9XCJwcm9tZXRoZXVzXCJ9In0AAAAGAAAAY29uZmlnAAAAAAAAVv///wAAAgAFAAAAVmFsdWUAEgAYABQAAAATAAwAAAAIAAQAEgAAABQAAAB4AAAAgAAAAAAAAAqAAAAAAgAAADQAAAAEAAAA3P///wgAAAAQAAAABAAAAFRpbWUAAAAABAAAAG5hbWUAAAAACAAMAAgABAAIAAAACAAAABwAAAARAAAAeyJpbnRlcnZhbCI6MTAwMH0AAAAGAAAAY29uZmlnAAAAAAAAAAAGAAgABgAGAAAAAAADAAQAAABUaW1lAAAAAFgDAABBUlJPVzE=
