{
  "frames": [
    {
      "schema": {
        "meta": {
          "type": "timeseries-wide",
          "custom": {
            "resultType": "matrix"
          },
          "executedQueryString": "Expr: \nStep: 1s"
        },
        "fields": [
          {
            "name": "Time",
            "type": "time",
            "typeInfo": {
              "frame": "time.Time"
            },
            "config": {
              "interval": 1000
            }
          },
          {
            "name": "{handler=\"/api/v1/query_range\", job=\"prometheus\"}",
            "type": "number",
            "typeInfo": {
              "frame": "float64",
              "nullable": true
            },
            "labels": {
              "handler": "/api/v1/query_range",
              "job": "prometheus"
            }
          }
        ]
      },
      "data": {
        "values": [
          [
            1641889530000,
            1641889531000,
            1641889532000
          ],
          [
            null,
            null,
            null
          ]
        ],
        "entities": [
          null,
          {
            "NaN": [
              0,
              1,
              2
            ]
          }
        ]
      }
    }
  ]
}