ðŸŒŸ This was machine generated.  Do not edit. ðŸŒŸ

Frame[0] {
    "type": "timeseries-wide",
    "custom": {
        "resultType": "matrix"
    },
    "executedQueryString": "Expr: 1 / 0\nStep: 1s"
}
Name: 
Dimensions: 2 Fields by 3 Rows
+-------------------------------+------------------+
| Name: Time                    | Name: 1 / 0      |
| Labels:                       | Labels:          |
| Type: []time.Time             | Type: []*float64 |
+-------------------------------+------------------+
| 2022-01-11 08:25:30 +0000 UTC | +Inf             |
| 2022-01-11 08:25:31 +0000 UTC | +Inf             |
| 2022-01-11 08:25:32 +0000 UTC | +Inf             |
+-------------------------------+------------------+


====== TEST DATA RESPONSE (arrow base64) ======
FRAME=QVJST1cxAAD/////YAIAABAAAAAAAAoADgAMAAsABAAKAAAAFAAAAAAAAAEEAAoADAAAAAgABAAKAAAACAAAANwAAAADAAAATAAAACgAAAAEAAAAQP7//wgAAAAMAAAAAAAAAAAAAAAFAAAAcmVmSWQAAABg/v//CAAAAAwAAAAAAAAAAAAAAAQAAABuYW1lAAAAAID+//8IAAAAdAAAAGkAAAB7InR5cGUiOiJ0aW1lc2VyaWVzLXdpZGUiLCJjdXN0b20iOnsicmVzdWx0VHlwZSI6Im1hdHJpeCJ9LCJleGVjdXRlZFF1ZXJ5U3RyaW5nIjoiRXhwcjogMSAvIDBcblN0ZXA6IDFzIn0AAAAEAAAAbWV0YQAAAAACAAAArAAAABgAAAAAABIAGAAUABMAEgAMAAAACAAEABIAAAAUAAAAYAAAAGAAAAAAAAMBYAAAAAIAAAAsAAAABAAAAEz///8IAAAAEAAAAAUAAAAxIC8gMAAAAAQAAABuYW1lAAAAAHD///8IAAAADAAAAAIAAAB7fQAABgAAAGxhYmVscwAAAAAAAFb///8AAAIABQAAADEgLyAwABIAGAAUAAAAEwAMAAAACAAEABIAAAAUAAAAeAAAAIAAAAAAAAAKgAAAAAIAAAA0AAAABAAAANz///8IAAAAEAAAAAQAAABUaW1lAAAAAAQAAABuYW1lAAAAAAgADAAIAAQACAAAAAgAAAAcAAAAEQAAAHsiaW50ZXJ2YWwiOjEwMDB9AAAABgAAAGNvbmZpZwAAAAAAAAAABgAIAAYABgAAAAAAAwAEAAAAVGltZQAAAAAAAAAA/////7gAAAAUAAAAAAAAAAwAFgAUABMADAAEAAwAAAAwAAAAAAAAABQAAAAAAAADBAAKABgADAAIAAQACgAAABQAAABYAAAAAwAAAAAAAAAAAAAABAAAAAAAAAAAAAAAAAAAAAAAAAAAAAAAAAAAABgAAAAAAAAAGAAAAAAAAAAAAAAAAAAAABgAAAAAAAAAGAAAAAAAAAAAAAAAAgAAAAMAAAAAAAAAAAAAAAAAAAADAAAAAAAAAAAAAAAAAAAAAEQVFNQpyRYADrBP1CnJFgDYSovUKckWAAAAAAAA8H8AAAAAAADwfwAAAAAAAPB/EAAAAAwAFAASAAwACAAEAAwAAAAQAAAALAAAADgAAAAAAAQAAQAAAHACAAAAAAAAwAAAAAAAAAAwAAAAAAAAAAAAAAAAAAAAAAAKAAwAAAAIAAQACgAAAAgAAADcAAAAAwAAAEwAAAAoAAAABAAAAED+//8IAAAADAAAAAAAAAAAAAAABQAAAHJlZklkAAAAYP7//wgAAAAMAAAAAAAAAAAAAAAEAAAAbmFtZQAAAACA/v//CAAAAHQAAABpAAAAeyJ0eXBlIjoidGltZXNlcmllcy13aWRlIiwiY3VzdG9tIjp7InJlc3VsdFR5cGUiOiJtYXRyaXgifSwiZXhlY3V0ZWRRdWVyeVN0cmluZyI6IkV4cHI6IDEgLyAwXG5TdGVwOiAxcyJ9AAAABAAAAG1ldGEAAAAAAgAAAKwAAAAYAAAAAAASABgAFAATABIADAAAAAgABAASAAAAFAAAAGAAAABgAAAAAAADAWAAAAACAAAALAAAAAQAAABM////CAAAABAAAAAFAAAAMSAvIDAAAAAEAAAAbmFtZQAAAABw////CAAAAAwAAAACAAAAe30AAAYAAABsYWJlbHMAAAAAAABW////AAACAAUAAAAxIC8gMAASABgAFAAAABMADAAAAAgABAASAAAAFAAAAHgAAACAAAAAAAAACoAAAAACAAAANAAAAAQAAADc////CAAAABAAAAAEAAAAVGltZQAAAAAEAAAAbmFtZQAAAAAIAAwACAAEAAgAAAAIAAAAHAAAABEAAAB7ImludGVydmFsIjoxMDAwfQAAAAYAAABjb25maWcAAAAAAAAAAAYACAAGAAYAAAAAAAMABAAAAFRpbWUAAAAAiAIAAEFSUk9XMQ==
